Archive member included to satisfy reference by file (symbol)

/Applications/Ac6/SystemWorkbench.app/Contents/Eclipse/plugins/fr.ac6.mcu.externaltools.arm-none.macos64_1.13.1.201703061524/tools/compiler/bin/../lib/gcc/arm-none-eabi/5.4.1/../../../../arm-none-eabi/lib/armv7e-m/fpu/libc_nano.a(lib_a-exit.o)
                              /Applications/Ac6/SystemWorkbench.app/Contents/Eclipse/plugins/fr.ac6.mcu.externaltools.arm-none.macos64_1.13.1.201703061524/tools/compiler/bin/../lib/gcc/arm-none-eabi/5.4.1/../../../../arm-none-eabi/lib/armv7e-m/fpu/crt0.o (exit)
/Applications/Ac6/SystemWorkbench.app/Contents/Eclipse/plugins/fr.ac6.mcu.externaltools.arm-none.macos64_1.13.1.201703061524/tools/compiler/bin/../lib/gcc/arm-none-eabi/5.4.1/../../../../arm-none-eabi/lib/armv7e-m/fpu/libc_nano.a(lib_a-impure.o)
                              /Applications/Ac6/SystemWorkbench.app/Contents/Eclipse/plugins/fr.ac6.mcu.externaltools.arm-none.macos64_1.13.1.201703061524/tools/compiler/bin/../lib/gcc/arm-none-eabi/5.4.1/../../../../arm-none-eabi/lib/armv7e-m/fpu/libc_nano.a(lib_a-exit.o) (_global_impure_ptr)
/Applications/Ac6/SystemWorkbench.app/Contents/Eclipse/plugins/fr.ac6.mcu.externaltools.arm-none.macos64_1.13.1.201703061524/tools/compiler/bin/../lib/gcc/arm-none-eabi/5.4.1/../../../../arm-none-eabi/lib/armv7e-m/fpu/libc_nano.a(lib_a-init.o)
                              /Applications/Ac6/SystemWorkbench.app/Contents/Eclipse/plugins/fr.ac6.mcu.externaltools.arm-none.macos64_1.13.1.201703061524/tools/compiler/bin/../lib/gcc/arm-none-eabi/5.4.1/../../../../arm-none-eabi/lib/armv7e-m/fpu/crt0.o (__libc_init_array)
/Applications/Ac6/SystemWorkbench.app/Contents/Eclipse/plugins/fr.ac6.mcu.externaltools.arm-none.macos64_1.13.1.201703061524/tools/compiler/bin/../lib/gcc/arm-none-eabi/5.4.1/../../../../arm-none-eabi/lib/armv7e-m/fpu/libc_nano.a(lib_a-memcpy-stub.o)
                              Middlewares/Third_Party/FreeRTOS/Source/queue.o (memcpy)
/Applications/Ac6/SystemWorkbench.app/Contents/Eclipse/plugins/fr.ac6.mcu.externaltools.arm-none.macos64_1.13.1.201703061524/tools/compiler/bin/../lib/gcc/arm-none-eabi/5.4.1/../../../../arm-none-eabi/lib/armv7e-m/fpu/libc_nano.a(lib_a-memset.o)
                              /Applications/Ac6/SystemWorkbench.app/Contents/Eclipse/plugins/fr.ac6.mcu.externaltools.arm-none.macos64_1.13.1.201703061524/tools/compiler/bin/../lib/gcc/arm-none-eabi/5.4.1/../../../../arm-none-eabi/lib/armv7e-m/fpu/crt0.o (memset)
/Applications/Ac6/SystemWorkbench.app/Contents/Eclipse/plugins/fr.ac6.mcu.externaltools.arm-none.macos64_1.13.1.201703061524/tools/compiler/bin/../lib/gcc/arm-none-eabi/5.4.1/../../../../arm-none-eabi/lib/armv7e-m/fpu/libnosys.a(_exit.o)
                              /Applications/Ac6/SystemWorkbench.app/Contents/Eclipse/plugins/fr.ac6.mcu.externaltools.arm-none.macos64_1.13.1.201703061524/tools/compiler/bin/../lib/gcc/arm-none-eabi/5.4.1/../../../../arm-none-eabi/lib/armv7e-m/fpu/libc_nano.a(lib_a-exit.o) (_exit)

Allocating common symbols
Common symbol       size              file

hdma_usart2_rx      0x60              Src/main.o
processCanHandle    0x4               Src/main.o
mainCanRxQHandle    0x4               Src/main.o
housekeepingHandle  0x4               Src/main.o
uwTick              0x4               Drivers/STM32F4xx_HAL_Driver/Src/stm32f4xx_hal.o
xQueueRegistry      0x40              Middlewares/Third_Party/FreeRTOS/Source/queue.o
pFlash              0x20              Drivers/STM32F4xx_HAL_Driver/Src/stm32f4xx_hal_flash.o
UartTxMtxHandle     0x4               Src/main.o
processUartHandle   0x4               Src/main.o
Serial2_buffer      0x40              Src/main.o
hdma_usart2_tx      0x60              Src/main.o
mainCanTxQHandle    0x4               Src/main.o
htim6               0x3c              Src/stm32f4xx_hal_timebase_TIM.o
hwwdg               0x14              Src/main.o
WWDGTmrHandle       0x4               Src/main.o
Serial2_writeStr_Buf
                    0x80              Src/main.o
huart2              0x40              Src/main.o
hcan1               0x40              Src/main.o

Discarded input sections

 .text          0x0000000000000000        0x0 /Applications/Ac6/SystemWorkbench.app/Contents/Eclipse/plugins/fr.ac6.mcu.externaltools.arm-none.macos64_1.13.1.201703061524/tools/compiler/bin/../lib/gcc/arm-none-eabi/5.4.1/armv7e-m/fpu/crti.o
 .data          0x0000000000000000        0x0 /Applications/Ac6/SystemWorkbench.app/Contents/Eclipse/plugins/fr.ac6.mcu.externaltools.arm-none.macos64_1.13.1.201703061524/tools/compiler/bin/../lib/gcc/arm-none-eabi/5.4.1/armv7e-m/fpu/crti.o
 .bss           0x0000000000000000        0x0 /Applications/Ac6/SystemWorkbench.app/Contents/Eclipse/plugins/fr.ac6.mcu.externaltools.arm-none.macos64_1.13.1.201703061524/tools/compiler/bin/../lib/gcc/arm-none-eabi/5.4.1/armv7e-m/fpu/crti.o
[...]
Memory Configuration

Name             Origin             Length             Attributes
RAM              0x0000000020000000 0x0000000000020000 xrw
FLASH            0x0000000008000000 0x0000000000080000 xr
*default*        0x0000000000000000 0xffffffffffffffff

Linker script and memory map

LOAD /Applications/Ac6/SystemWorkbench.app/Contents/Eclipse/plugins/fr.ac6.mcu.externaltools.arm-none.macos64_1.13.1.201703061524/tools/compiler/bin/../lib/gcc/arm-none-eabi/5.4.1/armv7e-m/fpu/crti.o
LOAD /Applications/Ac6/SystemWorkbench.app/Contents/Eclipse/plugins/fr.ac6.mcu.externaltools.arm-none.macos64_1.13.1.201703061524/tools/compiler/bin/../lib/gcc/arm-none-eabi/5.4.1/armv7e-m/fpu/crtbegin.o
LOAD /Applications/Ac6/SystemWorkbench.app/Contents/Eclipse/plugins/fr.ac6.mcu.externaltools.arm-none.macos64_1.13.1.201703061524/tools/compiler/bin/../lib/gcc/arm-none-eabi/5.4.1/../../../../arm-none-eabi/lib/armv7e-m/fpu/crt0.o
LOAD /Applications/Ac6/SystemWorkbench.app/Contents/Eclipse/plugins/fr.ac6.mcu.externaltools.arm-none.macos64_1.13.1.201703061524/tools/compiler/bin/../lib/gcc/arm-none-eabi/5.4.1/../../../../arm-none-eabi/lib/armv7e-m/fpu/libm.a
LOAD Drivers/STM32F4xx_HAL_Driver/Src/stm32f4xx_hal.o
LOAD Drivers/STM32F4xx_HAL_Driver/Src/stm32f4xx_hal_can.o
LOAD Drivers/STM32F4xx_HAL_Driver/Src/stm32f4xx_hal_cortex.o
LOAD Drivers/STM32F4xx_HAL_Driver/Src/stm32f4xx_hal_dma.o
LOAD Drivers/STM32F4xx_HAL_Driver/Src/stm32f4xx_hal_dma_ex.o
LOAD Drivers/STM32F4xx_HAL_Driver/Src/stm32f4xx_hal_flash.o
LOAD Drivers/STM32F4xx_HAL_Driver/Src/stm32f4xx_hal_flash_ex.o
LOAD Drivers/STM32F4xx_HAL_Driver/Src/stm32f4xx_hal_flash_ramfunc.o
LOAD Drivers/STM32F4xx_HAL_Driver/Src/stm32f4xx_hal_gpio.o
LOAD Drivers/STM32F4xx_HAL_Driver/Src/stm32f4xx_hal_pwr.o
LOAD Drivers/STM32F4xx_HAL_Driver/Src/stm32f4xx_hal_pwr_ex.o
LOAD Drivers/STM32F4xx_HAL_Driver/Src/stm32f4xx_hal_rcc.o
LOAD Drivers/STM32F4xx_HAL_Driver/Src/stm32f4xx_hal_rcc_ex.o
LOAD Drivers/STM32F4xx_HAL_Driver/Src/stm32f4xx_hal_tim.o
LOAD Drivers/STM32F4xx_HAL_Driver/Src/stm32f4xx_hal_tim_ex.o
LOAD Drivers/STM32F4xx_HAL_Driver/Src/stm32f4xx_hal_uart.o
LOAD Drivers/STM32F4xx_HAL_Driver/Src/stm32f4xx_hal_wwdg.o
LOAD Middlewares/Third_Party/FreeRTOS/Source/CMSIS_RTOS/cmsis_os.o
LOAD Middlewares/Third_Party/FreeRTOS/Source/croutine.o
LOAD Middlewares/Third_Party/FreeRTOS/Source/event_groups.o
LOAD Middlewares/Third_Party/FreeRTOS/Source/list.o
LOAD Middlewares/Third_Party/FreeRTOS/Source/queue.o
LOAD Middlewares/Third_Party/FreeRTOS/Source/tasks.o
LOAD Middlewares/Third_Party/FreeRTOS/Source/timers.o
LOAD Middlewares/Third_Party/FreeRTOS/Source/portable/GCC/ARM_CM4F/port.o
LOAD Middlewares/Third_Party/FreeRTOS/Source/portable/MemMang/heap_4.o
LOAD Src/can.o
LOAD Src/freertos.o
LOAD Src/main.o
LOAD Src/serial.o
LOAD Src/stm32f4xx_hal_msp.o
LOAD Src/stm32f4xx_hal_timebase_TIM.o
LOAD Src/stm32f4xx_it.o
LOAD Src/system_stm32f4xx.o
LOAD startup/startup_stm32f446xx.o
START GROUP
LOAD /Applications/Ac6/SystemWorkbench.app/Contents/Eclipse/plugins/fr.ac6.mcu.externaltools.arm-none.macos64_1.13.1.201703061524/tools/compiler/bin/../lib/gcc/arm-none-eabi/5.4.1/armv7e-m/fpu/libgcc.a
LOAD /Applications/Ac6/SystemWorkbench.app/Contents/Eclipse/plugins/fr.ac6.mcu.externaltools.arm-none.macos64_1.13.1.201703061524/tools/compiler/bin/../lib/gcc/arm-none-eabi/5.4.1/../../../../arm-none-eabi/lib/armv7e-m/fpu/libc_nano.a
END GROUP
START GROUP
LOAD /Applications/Ac6/SystemWorkbench.app/Contents/Eclipse/plugins/fr.ac6.mcu.externaltools.arm-none.macos64_1.13.1.201703061524/tools/compiler/bin/../lib/gcc/arm-none-eabi/5.4.1/armv7e-m/fpu/libgcc.a
LOAD /Applications/Ac6/SystemWorkbench.app/Contents/Eclipse/plugins/fr.ac6.mcu.externaltools.arm-none.macos64_1.13.1.201703061524/tools/compiler/bin/../lib/gcc/arm-none-eabi/5.4.1/../../../../arm-none-eabi/lib/armv7e-m/fpu/libc_nano.a
LOAD /Applications/Ac6/SystemWorkbench.app/Contents/Eclipse/plugins/fr.ac6.mcu.externaltools.arm-none.macos64_1.13.1.201703061524/tools/compiler/bin/../lib/gcc/arm-none-eabi/5.4.1/../../../../arm-none-eabi/lib/armv7e-m/fpu/libnosys.a
END GROUP
START GROUP
LOAD /Applications/Ac6/SystemWorkbench.app/Contents/Eclipse/plugins/fr.ac6.mcu.externaltools.arm-none.macos64_1.13.1.201703061524/tools/compiler/bin/../lib/gcc/arm-none-eabi/5.4.1/armv7e-m/fpu/libgcc.a
LOAD /Applications/Ac6/SystemWorkbench.app/Contents/Eclipse/plugins/fr.ac6.mcu.externaltools.arm-none.macos64_1.13.1.201703061524/tools/compiler/bin/../lib/gcc/arm-none-eabi/5.4.1/../../../../arm-none-eabi/lib/armv7e-m/fpu/libc_nano.a
LOAD /Applications/Ac6/SystemWorkbench.app/Contents/Eclipse/plugins/fr.ac6.mcu.externaltools.arm-none.macos64_1.13.1.201703061524/tools/compiler/bin/../lib/gcc/arm-none-eabi/5.4.1/../../../../arm-none-eabi/lib/armv7e-m/fpu/libnosys.a
END GROUP
LOAD /Applications/Ac6/SystemWorkbench.app/Contents/Eclipse/plugins/fr.ac6.mcu.externaltools.arm-none.macos64_1.13.1.201703061524/tools/compiler/bin/../lib/gcc/arm-none-eabi/5.4.1/armv7e-m/fpu/crtend.o
LOAD /Applications/Ac6/SystemWorkbench.app/Contents/Eclipse/plugins/fr.ac6.mcu.externaltools.arm-none.macos64_1.13.1.201703061524/tools/compiler/bin/../lib/gcc/arm-none-eabi/5.4.1/armv7e-m/fpu/crtn.o
                0x0000000020020000                _estack = 0x20020000
                0x0000000000000200                _Min_Heap_Size = 0x200
                0x0000000000000400                _Min_Stack_Size = 0x400

.isr_vector     0x0000000008000000      0x1c4
                0x0000000008000000                . = ALIGN (0x4)
 *(.isr_vector)
 .isr_vector    0x0000000008000000      0x1c4 startup/startup_stm32f446xx.o
                0x0000000008000000                g_pfnVectors
                0x00000000080001c4                . = ALIGN (0x4)

.text           0x00000000080001d0     0x5d24
                0x00000000080001d0                . = ALIGN (0x4)
 *(.text)
 .text          0x00000000080001d0       0x5c /Applications/Ac6/SystemWorkbench.app/Contents/Eclipse/plugins/fr.ac6.mcu.externaltools.arm-none.macos64_1.13.1.201703061524/tools/compiler/bin/../lib/gcc/arm-none-eabi/5.4.1/armv7e-m/fpu/crtbegin.o
 *(.text*)
 .text.HAL_Init
                0x000000000800022c       0x34 Drivers/STM32F4xx_HAL_Driver/Src/stm32f4xx_hal.o
                0x000000000800022c                HAL_Init
 .text.HAL_IncTick
                0x0000000008000260       0x10 Drivers/STM32F4xx_HAL_Driver/Src/stm32f4xx_hal.o
                0x0000000008000260                HAL_IncTick
 .text.HAL_GetTick
                0x0000000008000270        0xc Drivers/STM32F4xx_HAL_Driver/Src/stm32f4xx_hal.o
                0x0000000008000270                HAL_GetTick
 .text.HAL_CAN_ConfigFilter
                0x000000000800027c      0x10c Drivers/STM32F4xx_HAL_Driver/Src/stm32f4xx_hal_can.o
                0x000000000800027c                HAL_CAN_ConfigFilter
 .text.HAL_CAN_Init
                0x0000000008000388      0x188 Drivers/STM32F4xx_HAL_Driver/Src/stm32f4xx_hal_can.o
                0x0000000008000388                HAL_CAN_Init
 .text.HAL_CAN_Transmit_IT
                0x0000000008000510      0x12c Drivers/STM32F4xx_HAL_Driver/Src/stm32f4xx_hal_can.o
                0x0000000008000510                HAL_CAN_Transmit_IT
 .text.HAL_CAN_Receive_IT
                0x000000000800063c       0x58 Drivers/STM32F4xx_HAL_Driver/Src/stm32f4xx_hal_can.o
                0x000000000800063c                HAL_CAN_Receive_IT
 .text.CAN_Transmit_IT
                0x0000000008000694       0x40 Drivers/STM32F4xx_HAL_Driver/Src/stm32f4xx_hal_can.o
 .text.CAN_Receive_IT
                0x00000000080006d4      0x130 Drivers/STM32F4xx_HAL_Driver/Src/stm32f4xx_hal_can.o
 .text.HAL_CAN_IRQHandler
                0x0000000008000804      0x178 Drivers/STM32F4xx_HAL_Driver/Src/stm32f4xx_hal_can.o
                0x0000000008000804                HAL_CAN_IRQHandler
 .text.HAL_CAN_GetError
                0x000000000800097c        0x4 Drivers/STM32F4xx_HAL_Driver/Src/stm32f4xx_hal_can.o
                0x000000000800097c                HAL_CAN_GetError
 .text.HAL_NVIC_SetPriorityGrouping
                0x0000000008000980       0x24 Drivers/STM32F4xx_HAL_Driver/Src/stm32f4xx_hal_cortex.o
                0x0000000008000980                HAL_NVIC_SetPriorityGrouping
 .text.HAL_NVIC_SetPriority
                0x00000000080009a4       0x64 Drivers/STM32F4xx_HAL_Driver/Src/stm32f4xx_hal_cortex.o
                0x00000000080009a4                HAL_NVIC_SetPriority
 .text.HAL_NVIC_EnableIRQ
                0x0000000008000a08       0x18 Drivers/STM32F4xx_HAL_Driver/Src/stm32f4xx_hal_cortex.o
                0x0000000008000a08                HAL_NVIC_EnableIRQ
 .text.HAL_SYSTICK_Config
                0x0000000008000a20       0x2c Drivers/STM32F4xx_HAL_Driver/Src/stm32f4xx_hal_cortex.o
                0x0000000008000a20                HAL_SYSTICK_Config
 .text.HAL_SYSTICK_CLKSourceConfig
                0x0000000008000a4c       0x20 Drivers/STM32F4xx_HAL_Driver/Src/stm32f4xx_hal_cortex.o
                0x0000000008000a4c                HAL_SYSTICK_CLKSourceConfig
 .text.DMA_SetConfig
                0x0000000008000a6c       0x2c Drivers/STM32F4xx_HAL_Driver/Src/stm32f4xx_hal_dma.o
 .text.DMA_CalcBaseAndBitshift
                0x0000000008000a98       0x3c Drivers/STM32F4xx_HAL_Driver/Src/stm32f4xx_hal_dma.o
 .text.DMA_CheckFifoParam
                0x0000000008000ad4       0x90 Drivers/STM32F4xx_HAL_Driver/Src/stm32f4xx_hal_dma.o
 .text.HAL_DMA_Init
                0x0000000008000b64       0xd0 Drivers/STM32F4xx_HAL_Driver/Src/stm32f4xx_hal_dma.o
                0x0000000008000b64                HAL_DMA_Init
 .text.HAL_DMA_Start_IT
                0x0000000008000c34       0x74 Drivers/STM32F4xx_HAL_Driver/Src/stm32f4xx_hal_dma.o
                0x0000000008000c34                HAL_DMA_Start_IT
 .text.HAL_DMA_Abort_IT
                0x0000000008000ca8       0x28 Drivers/STM32F4xx_HAL_Driver/Src/stm32f4xx_hal_dma.o
                0x0000000008000ca8                HAL_DMA_Abort_IT
 .text.HAL_DMA_IRQHandler
                0x0000000008000cd0      0x1e0 Drivers/STM32F4xx_HAL_Driver/Src/stm32f4xx_hal_dma.o
                0x0000000008000cd0                HAL_DMA_IRQHandler
 .text.HAL_GPIO_Init
                0x0000000008000eb0      0x1b4 Drivers/STM32F4xx_HAL_Driver/Src/stm32f4xx_hal_gpio.o
                0x0000000008000eb0                HAL_GPIO_Init
 .text.HAL_GPIO_WritePin
                0x0000000008001064        0xc Drivers/STM32F4xx_HAL_Driver/Src/stm32f4xx_hal_gpio.o
                0x0000000008001064                HAL_GPIO_WritePin
 .text.HAL_RCC_ClockConfig
                0x0000000008001070      0x1b0 Drivers/STM32F4xx_HAL_Driver/Src/stm32f4xx_hal_rcc.o
                0x0000000008001070                HAL_RCC_ClockConfig
 .text.HAL_RCC_GetHCLKFreq
                0x0000000008001220        0xc Drivers/STM32F4xx_HAL_Driver/Src/stm32f4xx_hal_rcc.o
                0x0000000008001220                HAL_RCC_GetHCLKFreq
 .text.HAL_RCC_GetPCLK1Freq
                0x000000000800122c       0x30 Drivers/STM32F4xx_HAL_Driver/Src/stm32f4xx_hal_rcc.o
                0x000000000800122c                HAL_RCC_GetPCLK1Freq
 .text.HAL_RCC_GetPCLK2Freq
                0x000000000800125c       0x30 Drivers/STM32F4xx_HAL_Driver/Src/stm32f4xx_hal_rcc.o
                0x000000000800125c                HAL_RCC_GetPCLK2Freq
 .text.HAL_RCC_GetClockConfig
                0x000000000800128c       0x3c Drivers/STM32F4xx_HAL_Driver/Src/stm32f4xx_hal_rcc.o
                0x000000000800128c                HAL_RCC_GetClockConfig
 .text.HAL_RCC_GetSysClockFreq
                0x00000000080012c8      0x118 Drivers/STM32F4xx_HAL_Driver/Src/stm32f4xx_hal_rcc_ex.o
                0x00000000080012c8                HAL_RCC_GetSysClockFreq
 .text.HAL_RCC_OscConfig
                0x00000000080013e0      0x40c Drivers/STM32F4xx_HAL_Driver/Src/stm32f4xx_hal_rcc_ex.o
                0x00000000080013e0                HAL_RCC_OscConfig
 .text.HAL_TIM_Base_MspInit
                0x00000000080017ec        0x4 Drivers/STM32F4xx_HAL_Driver/Src/stm32f4xx_hal_tim.o
                0x00000000080017ec                HAL_TIM_Base_MspInit
 .text.HAL_TIM_Base_Start_IT
                0x00000000080017f0       0x18 Drivers/STM32F4xx_HAL_Driver/Src/stm32f4xx_hal_tim.o
                0x00000000080017f0                HAL_TIM_Base_Start_IT
 .text.HAL_TIM_OC_DelayElapsedCallback
                0x0000000008001808        0x4 Drivers/STM32F4xx_HAL_Driver/Src/stm32f4xx_hal_tim.o
                0x0000000008001808                HAL_TIM_OC_DelayElapsedCallback
 .text.HAL_TIM_IC_CaptureCallback
                0x000000000800180c        0x4 Drivers/STM32F4xx_HAL_Driver/Src/stm32f4xx_hal_tim.o
                0x000000000800180c                HAL_TIM_IC_CaptureCallback
 .text.HAL_TIM_PWM_PulseFinishedCallback
                0x0000000008001810        0x4 Drivers/STM32F4xx_HAL_Driver/Src/stm32f4xx_hal_tim.o
                0x0000000008001810                HAL_TIM_PWM_PulseFinishedCallback
 .text.HAL_TIM_TriggerCallback
                0x0000000008001814        0x4 Drivers/STM32F4xx_HAL_Driver/Src/stm32f4xx_hal_tim.o
                0x0000000008001814                HAL_TIM_TriggerCallback
 .text.HAL_TIM_IRQHandler
                0x0000000008001818      0x174 Drivers/STM32F4xx_HAL_Driver/Src/stm32f4xx_hal_tim.o
                0x0000000008001818                HAL_TIM_IRQHandler
 .text.TIM_Base_SetConfig
                0x000000000800198c      0x11c Drivers/STM32F4xx_HAL_Driver/Src/stm32f4xx_hal_tim.o
                0x000000000800198c                TIM_Base_SetConfig
 .text.HAL_TIM_Base_Init
                0x0000000008001aa8       0x38 Drivers/STM32F4xx_HAL_Driver/Src/stm32f4xx_hal_tim.o
                0x0000000008001aa8                HAL_TIM_Base_Init
 .text.HAL_TIMEx_CommutationCallback
                0x0000000008001ae0        0x4 Drivers/STM32F4xx_HAL_Driver/Src/stm32f4xx_hal_tim_ex.o
                0x0000000008001ae0                HAL_TIMEx_CommutationCallback
 .text.HAL_TIMEx_BreakCallback
                0x0000000008001ae4        0x4 Drivers/STM32F4xx_HAL_Driver/Src/stm32f4xx_hal_tim_ex.o
                0x0000000008001ae4                HAL_TIMEx_BreakCallback
 .text.UART_EndTxTransfer
                0x0000000008001ae8       0x14 Drivers/STM32F4xx_HAL_Driver/Src/stm32f4xx_hal_uart.o
 .text.UART_EndRxTransfer
                0x0000000008001afc       0x1c Drivers/STM32F4xx_HAL_Driver/Src/stm32f4xx_hal_uart.o
 .text.UART_Transmit_IT
                0x0000000008001b18       0x6c Drivers/STM32F4xx_HAL_Driver/Src/stm32f4xx_hal_uart.o
 .text.UART_SetConfig
                0x0000000008001b84      0x32c Drivers/STM32F4xx_HAL_Driver/Src/stm32f4xx_hal_uart.o
 .text.HAL_UART_Init
                0x0000000008001eb0       0x64 Drivers/STM32F4xx_HAL_Driver/Src/stm32f4xx_hal_uart.o
                0x0000000008001eb0                HAL_UART_Init
 .text.HAL_UART_Transmit_DMA
                0x0000000008001f14       0x8c Drivers/STM32F4xx_HAL_Driver/Src/stm32f4xx_hal_uart.o
                0x0000000008001f14                HAL_UART_Transmit_DMA
 .text.HAL_UART_Receive_DMA
                0x0000000008001fa0       0xa8 Drivers/STM32F4xx_HAL_Driver/Src/stm32f4xx_hal_uart.o
                0x0000000008001fa0                HAL_UART_Receive_DMA
 .text.UART_DMATransmitCplt
                0x0000000008002048       0x30 Drivers/STM32F4xx_HAL_Driver/Src/stm32f4xx_hal_uart.o
 .text.UART_EndTransmit_IT
                0x0000000008002078       0x1c Drivers/STM32F4xx_HAL_Driver/Src/stm32f4xx_hal_uart.o
 .text.HAL_UART_TxHalfCpltCallback
                0x0000000008002094        0x4 Drivers/STM32F4xx_HAL_Driver/Src/stm32f4xx_hal_uart.o
                0x0000000008002094                HAL_UART_TxHalfCpltCallback
 .text.UART_DMATxHalfCplt
                0x0000000008002098        0xc Drivers/STM32F4xx_HAL_Driver/Src/stm32f4xx_hal_uart.o
 .text.UART_DMAReceiveCplt
                0x00000000080020a4       0x40 Drivers/STM32F4xx_HAL_Driver/Src/stm32f4xx_hal_uart.o
 .text.UART_Receive_IT
                0x00000000080020e4       0x94 Drivers/STM32F4xx_HAL_Driver/Src/stm32f4xx_hal_uart.o
 .text.HAL_UART_RxHalfCpltCallback
                0x0000000008002178        0x4 Drivers/STM32F4xx_HAL_Driver/Src/stm32f4xx_hal_uart.o
                0x0000000008002178                HAL_UART_RxHalfCpltCallback
 .text.UART_DMARxHalfCplt
                0x000000000800217c        0xc Drivers/STM32F4xx_HAL_Driver/Src/stm32f4xx_hal_uart.o
 .text.HAL_UART_ErrorCallback
                0x0000000008002188        0x4 Drivers/STM32F4xx_HAL_Driver/Src/stm32f4xx_hal_uart.o
                0x0000000008002188                HAL_UART_ErrorCallback
 .text.UART_DMAError
                0x000000000800218c       0x50 Drivers/STM32F4xx_HAL_Driver/Src/stm32f4xx_hal_uart.o
 .text.HAL_UART_IRQHandler
                0x00000000080021dc      0x11c Drivers/STM32F4xx_HAL_Driver/Src/stm32f4xx_hal_uart.o
                0x00000000080021dc                HAL_UART_IRQHandler
 .text.UART_DMAAbortOnError
                0x00000000080022f8       0x10 Drivers/STM32F4xx_HAL_Driver/Src/stm32f4xx_hal_uart.o
 .text.HAL_UART_GetState
                0x0000000008002308        0xc Drivers/STM32F4xx_HAL_Driver/Src/stm32f4xx_hal_uart.o
                0x0000000008002308                HAL_UART_GetState
 .text.HAL_WWDG_Init
                0x0000000008002314       0x2c Drivers/STM32F4xx_HAL_Driver/Src/stm32f4xx_hal_wwdg.o
                0x0000000008002314                HAL_WWDG_Init
 .text.HAL_WWDG_Refresh
                0x0000000008002340        0xc Drivers/STM32F4xx_HAL_Driver/Src/stm32f4xx_hal_wwdg.o
                0x0000000008002340                HAL_WWDG_Refresh
 .text.makeFreeRtosPriority
                0x000000000800234c        0xc Middlewares/Third_Party/FreeRTOS/Source/CMSIS_RTOS/cmsis_os.o
 .text.inHandlerMode
                0x0000000008002358        0xc Middlewares/Third_Party/FreeRTOS/Source/CMSIS_RTOS/cmsis_os.o
 .text.osKernelStart
                0x0000000008002364        0xc Middlewares/Third_Party/FreeRTOS/Source/CMSIS_RTOS/cmsis_os.o
                0x0000000008002364                osKernelStart
 .text.osThreadCreate
                0x0000000008002370       0x34 Middlewares/Third_Party/FreeRTOS/Source/CMSIS_RTOS/cmsis_os.o
                0x0000000008002370                osThreadCreate
 .text.osDelay  0x00000000080023a4       0x10 Middlewares/Third_Party/FreeRTOS/Source/CMSIS_RTOS/cmsis_os.o
                0x00000000080023a4                osDelay
 .text.osTimerCreate
                0x00000000080023b4       0x28 Middlewares/Third_Party/FreeRTOS/Source/CMSIS_RTOS/cmsis_os.o
                0x00000000080023b4                osTimerCreate
 .text.osTimerStart
                0x00000000080023dc       0x6c Middlewares/Third_Party/FreeRTOS/Source/CMSIS_RTOS/cmsis_os.o
                0x00000000080023dc                osTimerStart
 .text.osMutexCreate
                0x0000000008002448        0xc Middlewares/Third_Party/FreeRTOS/Source/CMSIS_RTOS/cmsis_os.o
                0x0000000008002448                osMutexCreate
 .text.osMessageCreate
                0x0000000008002454       0x10 Middlewares/Third_Party/FreeRTOS/Source/CMSIS_RTOS/cmsis_os.o
                0x0000000008002454                osMessageCreate
 .text.osSystickHandler
                0x0000000008002464       0x10 Middlewares/Third_Party/FreeRTOS/Source/CMSIS_RTOS/cmsis_os.o
                0x0000000008002464                osSystickHandler
 .text.vListInitialise
                0x0000000008002474       0x18 Middlewares/Third_Party/FreeRTOS/Source/list.o
                0x0000000008002474                vListInitialise
 .text.vListInitialiseItem
                0x000000000800248c        0x8 Middlewares/Third_Party/FreeRTOS/Source/list.o
                0x000000000800248c                vListInitialiseItem
 .text.vListInsertEnd
                0x0000000008002494       0x18 Middlewares/Third_Party/FreeRTOS/Source/list.o
                0x0000000008002494                vListInsertEnd
 .text.vListInsert
                0x00000000080024ac       0x34 Middlewares/Third_Party/FreeRTOS/Source/list.o
                0x00000000080024ac                vListInsert
 .text.uxListRemove
                0x00000000080024e0       0x24 Middlewares/Third_Party/FreeRTOS/Source/list.o
                0x00000000080024e0                uxListRemove
 .text.prvIsQueueFull
                0x0000000008002504       0x20 Middlewares/Third_Party/FreeRTOS/Source/queue.o
 .text.prvIsQueueEmpty
                0x0000000008002524       0x1c Middlewares/Third_Party/FreeRTOS/Source/queue.o
 .text.prvCopyDataToQueue
                0x0000000008002540       0x78 Middlewares/Third_Party/FreeRTOS/Source/queue.o
 .text.prvCopyDataFromQueue
                0x00000000080025b8       0x24 Middlewares/Third_Party/FreeRTOS/Source/queue.o
 .text.prvUnlockQueue
                0x00000000080025dc       0x68 Middlewares/Third_Party/FreeRTOS/Source/queue.o
 .text.xQueueGenericReset
                0x0000000008002644       0x80 Middlewares/Third_Party/FreeRTOS/Source/queue.o
                0x0000000008002644                xQueueGenericReset
 .text.prvInitialiseNewQueue
                0x00000000080026c4       0x1c Middlewares/Third_Party/FreeRTOS/Source/queue.o
 .text.xQueueGenericCreate
                0x00000000080026e0       0x4c Middlewares/Third_Party/FreeRTOS/Source/queue.o
                0x00000000080026e0                xQueueGenericCreate
 .text.xQueueGenericSend
                0x000000000800272c      0x190 Middlewares/Third_Party/FreeRTOS/Source/queue.o
                0x000000000800272c                xQueueGenericSend
 .text.prvInitialiseMutex
                0x00000000080028bc       0x18 Middlewares/Third_Party/FreeRTOS/Source/queue.o
 .text.xQueueCreateMutex
                0x00000000080028d4       0x18 Middlewares/Third_Party/FreeRTOS/Source/queue.o
                0x00000000080028d4                xQueueCreateMutex
 .text.xQueueGenericSendFromISR
                0x00000000080028ec       0xe4 Middlewares/Third_Party/FreeRTOS/Source/queue.o
                0x00000000080028ec                xQueueGenericSendFromISR
 .text.xQueueGenericReceive
                0x00000000080029d0      0x1a0 Middlewares/Third_Party/FreeRTOS/Source/queue.o
                0x00000000080029d0                xQueueGenericReceive
 .text.xQueueReceiveFromISR
                0x0000000008002b70       0xb8 Middlewares/Third_Party/FreeRTOS/Source/queue.o
                0x0000000008002b70                xQueueReceiveFromISR
 .text.uxQueueMessagesWaiting
                0x0000000008002c28       0x28 Middlewares/Third_Party/FreeRTOS/Source/queue.o
                0x0000000008002c28                uxQueueMessagesWaiting
 .text.uxQueueMessagesWaitingFromISR
                0x0000000008002c50       0x18 Middlewares/Third_Party/FreeRTOS/Source/queue.o
                0x0000000008002c50                uxQueueMessagesWaitingFromISR
 .text.vQueueAddToRegistry
                0x0000000008002c68       0x28 Middlewares/Third_Party/FreeRTOS/Source/queue.o
                0x0000000008002c68                vQueueAddToRegistry
 .text.vQueueWaitForMessageRestricted
                0x0000000008002c90       0x4c Middlewares/Third_Party/FreeRTOS/Source/queue.o
                0x0000000008002c90                vQueueWaitForMessageRestricted
 .text.prvResetNextTaskUnblockTime
                0x0000000008002cdc       0x2c Middlewares/Third_Party/FreeRTOS/Source/tasks.o
 .text.prvDeleteTCB
                0x0000000008002d08       0x14 Middlewares/Third_Party/FreeRTOS/Source/tasks.o
 .text.prvInitialiseNewTask
                0x0000000008002d1c       0x8c Middlewares/Third_Party/FreeRTOS/Source/tasks.o
 .text.prvInitialiseTaskLists
                0x0000000008002da8       0x58 Middlewares/Third_Party/FreeRTOS/Source/tasks.o
 .text.prvAddNewTaskToReadyList
                0x0000000008002e00       0xac Middlewares/Third_Party/FreeRTOS/Source/tasks.o
 .text.prvAddCurrentTaskToDelayedList
                0x0000000008002eac       0x84 Middlewares/Third_Party/FreeRTOS/Source/tasks.o
 .text.xTaskCreate
                0x0000000008002f30       0x64 Middlewares/Third_Party/FreeRTOS/Source/tasks.o
                0x0000000008002f30                xTaskCreate
 .text.vTaskStartScheduler
                0x0000000008002f94       0x7c Middlewares/Third_Party/FreeRTOS/Source/tasks.o
                0x0000000008002f94                vTaskStartScheduler
 .text.vTaskSuspendAll
                0x0000000008003010       0x14 Middlewares/Third_Party/FreeRTOS/Source/tasks.o
                0x0000000008003010                vTaskSuspendAll
 .text.xTaskGetTickCount
                0x0000000008003024        0xc Middlewares/Third_Party/FreeRTOS/Source/tasks.o
                0x0000000008003024                xTaskGetTickCount
 .text.xTaskIncrementTick
                0x0000000008003030      0x118 Middlewares/Third_Party/FreeRTOS/Source/tasks.o
                0x0000000008003030                xTaskIncrementTick
 .text.xTaskResumeAll
                0x0000000008003148       0xf4 Middlewares/Third_Party/FreeRTOS/Source/tasks.o
                0x0000000008003148                xTaskResumeAll
 .text.vTaskDelay
                0x000000000800323c       0x50 Middlewares/Third_Party/FreeRTOS/Source/tasks.o
                0x000000000800323c                vTaskDelay
 .text.prvCheckTasksWaitingTermination
                0x000000000800328c       0x54 Middlewares/Third_Party/FreeRTOS/Source/tasks.o
 .text.prvIdleTask
                0x00000000080032e0       0x28 Middlewares/Third_Party/FreeRTOS/Source/tasks.o
 .text.vTaskSwitchContext
                0x0000000008003308       0xc4 Middlewares/Third_Party/FreeRTOS/Source/tasks.o
                0x0000000008003308                vTaskSwitchContext
 .text.vTaskPlaceOnEventList
                0x00000000080033cc       0x34 Middlewares/Third_Party/FreeRTOS/Source/tasks.o
                0x00000000080033cc                vTaskPlaceOnEventList
 .text.vTaskPlaceOnEventListRestricted
                0x0000000008003400       0x3c Middlewares/Third_Party/FreeRTOS/Source/tasks.o
                0x0000000008003400                vTaskPlaceOnEventListRestricted
 .text.xTaskRemoveFromEventList
                0x000000000800343c       0x88 Middlewares/Third_Party/FreeRTOS/Source/tasks.o
                0x000000000800343c                xTaskRemoveFromEventList
 .text.vTaskSetTimeOutState
                0x00000000080034c4       0x28 Middlewares/Third_Party/FreeRTOS/Source/tasks.o
                0x00000000080034c4                vTaskSetTimeOutState
 .text.xTaskCheckForTimeOut
                0x00000000080034ec       0x80 Middlewares/Third_Party/FreeRTOS/Source/tasks.o
                0x00000000080034ec                xTaskCheckForTimeOut
 .text.vTaskMissedYield
                0x000000000800356c       0x10 Middlewares/Third_Party/FreeRTOS/Source/tasks.o
                0x000000000800356c                vTaskMissedYield
 .text.xTaskGetSchedulerState
                0x000000000800357c       0x20 Middlewares/Third_Party/FreeRTOS/Source/tasks.o
                0x000000000800357c                xTaskGetSchedulerState
 .text.vTaskPriorityInherit
                0x000000000800359c       0xb4 Middlewares/Third_Party/FreeRTOS/Source/tasks.o
                0x000000000800359c                vTaskPriorityInherit
 .text.xTaskPriorityDisinherit
                0x0000000008003650       0xb8 Middlewares/Third_Party/FreeRTOS/Source/tasks.o
                0x0000000008003650                xTaskPriorityDisinherit
 .text.pvTaskIncrementMutexHeldCount
                0x0000000008003708       0x20 Middlewares/Third_Party/FreeRTOS/Source/tasks.o
                0x0000000008003708                pvTaskIncrementMutexHeldCount
 .text.prvGetNextExpireTime
                0x0000000008003728       0x20 Middlewares/Third_Party/FreeRTOS/Source/timers.o
 .text.prvInsertTimerInActiveList
                0x0000000008003748       0x44 Middlewares/Third_Party/FreeRTOS/Source/timers.o
 .text.prvCheckForValidListAndQueue
                0x000000000800378c       0x48 Middlewares/Third_Party/FreeRTOS/Source/timers.o
 .text.prvInitialiseNewTimer
                0x00000000080037d4       0x40 Middlewares/Third_Party/FreeRTOS/Source/timers.o
 .text.xTimerCreateTimerTask
                0x0000000008003814       0x54 Middlewares/Third_Party/FreeRTOS/Source/timers.o
                0x0000000008003814                xTimerCreateTimerTask
 .text.xTimerCreate
                0x0000000008003868       0x34 Middlewares/Third_Party/FreeRTOS/Source/timers.o
                0x0000000008003868                xTimerCreate
 .text.xTimerGenericCommand
                0x000000000800389c       0x6c Middlewares/Third_Party/FreeRTOS/Source/timers.o
                0x000000000800389c                xTimerGenericCommand
 .text.prvSwitchTimerLists
                0x0000000008003908       0x74 Middlewares/Third_Party/FreeRTOS/Source/timers.o
 .text.prvSampleTimeNow
                0x000000000800397c       0x2c Middlewares/Third_Party/FreeRTOS/Source/timers.o
 .text.prvProcessExpiredTimer
                0x00000000080039a8       0x5c Middlewares/Third_Party/FreeRTOS/Source/timers.o
 .text.prvProcessTimerOrBlockTask
                0x0000000008003a04       0x70 Middlewares/Third_Party/FreeRTOS/Source/timers.o
 .text.prvProcessReceivedCommands
                0x0000000008003a74       0xbc Middlewares/Third_Party/FreeRTOS/Source/timers.o
 .text.prvTimerTask
                0x0000000008003b30       0x18 Middlewares/Third_Party/FreeRTOS/Source/timers.o
 .text.prvTaskExitError
                0x0000000008003b48       0x34 Middlewares/Third_Party/FreeRTOS/Source/portable/GCC/ARM_CM4F/port.o
 .text.prvPortStartFirstTask
                0x0000000008003b7c       0x20 Middlewares/Third_Party/FreeRTOS/Source/portable/GCC/ARM_CM4F/port.o
 .text.vPortEnableVFP
                0x0000000008003b9c       0x14 Middlewares/Third_Party/FreeRTOS/Source/portable/GCC/ARM_CM4F/port.o
 .text.pxPortInitialiseStack
                0x0000000008003bb0       0x2c Middlewares/Third_Party/FreeRTOS/Source/portable/GCC/ARM_CM4F/port.o
                0x0000000008003bb0                pxPortInitialiseStack
 *fill*         0x0000000008003bdc        0x4 
 .text.SVC_Handler
                0x0000000008003be0       0x24 Middlewares/Third_Party/FreeRTOS/Source/portable/GCC/ARM_CM4F/port.o
                0x0000000008003be0                SVC_Handler
 .text.vPortEnterCritical
                0x0000000008003c04       0x44 Middlewares/Third_Party/FreeRTOS/Source/portable/GCC/ARM_CM4F/port.o
                0x0000000008003c04                vPortEnterCritical
 .text.vPortExitCritical
                0x0000000008003c48       0x2c Middlewares/Third_Party/FreeRTOS/Source/portable/GCC/ARM_CM4F/port.o
                0x0000000008003c48                vPortExitCritical
 *fill*         0x0000000008003c74        0xc 
 .text.PendSV_Handler
                0x0000000008003c80       0x64 Middlewares/Third_Party/FreeRTOS/Source/portable/GCC/ARM_CM4F/port.o
                0x0000000008003c80                PendSV_Handler
 .text.xPortSysTickHandler
                0x0000000008003ce4       0x2c Middlewares/Third_Party/FreeRTOS/Source/portable/GCC/ARM_CM4F/port.o
                0x0000000008003ce4                xPortSysTickHandler
 .text.vPortSetupTimerInterrupt
                0x0000000008003d10       0x2c Middlewares/Third_Party/FreeRTOS/Source/portable/GCC/ARM_CM4F/port.o
                0x0000000008003d10                vPortSetupTimerInterrupt
 .text.xPortStartScheduler
                0x0000000008003d3c       0xe8 Middlewares/Third_Party/FreeRTOS/Source/portable/GCC/ARM_CM4F/port.o
                0x0000000008003d3c                xPortStartScheduler
 .text.vPortValidateInterruptPriority
                0x0000000008003e24       0x58 Middlewares/Third_Party/FreeRTOS/Source/portable/GCC/ARM_CM4F/port.o
                0x0000000008003e24                vPortValidateInterruptPriority
 .text.prvHeapInit
                0x0000000008003e7c       0x58 Middlewares/Third_Party/FreeRTOS/Source/portable/MemMang/heap_4.o
 .text.prvInsertBlockIntoFreeList
                0x0000000008003ed4       0x58 Middlewares/Third_Party/FreeRTOS/Source/portable/MemMang/heap_4.o
 .text.pvPortMalloc
                0x0000000008003f2c      0x10c Middlewares/Third_Party/FreeRTOS/Source/portable/MemMang/heap_4.o
                0x0000000008003f2c                pvPortMalloc
 .text.vPortFree
                0x0000000008004038       0x78 Middlewares/Third_Party/FreeRTOS/Source/portable/MemMang/heap_4.o
                0x0000000008004038                vPortFree
 .text.empty    0x00000000080040b0        0x4 Src/can.o
 .text.bxCan_begin
                0x00000000080040b4       0x2c Src/can.o
                0x00000000080040b4                bxCan_begin
 .text.bxCan_addMaskedFilterStd
                0x00000000080040e0      0x154 Src/can.o
                0x00000000080040e0                bxCan_addMaskedFilterStd
 .text.bxCan_addMaskedFilterExt
                0x0000000008004234       0xb0 Src/can.o
                0x0000000008004234                bxCan_addMaskedFilterExt
 .text.bxCan_addFilterStd
                0x00000000080042e4      0x13c Src/can.o
                0x00000000080042e4                bxCan_addFilterStd
 .text.bxCan_addFilterExt
                0x0000000008004420      0x144 Src/can.o
                0x0000000008004420                bxCan_addFilterExt
 .text.bxCan_getFilter
                0x0000000008004564      0x24c Src/can.o
                0x0000000008004564                bxCan_getFilter
 .text.bxCan_removeFilter
                0x00000000080047b0       0x6c Src/can.o
                0x00000000080047b0                bxCan_removeFilter
 .text.bxCan_getFilterNum
                0x000000000800481c       0x30 Src/can.o
                0x000000000800481c                bxCan_getFilterNum
 .text.Can_availableForTx
                0x000000000800484c       0x28 Src/can.o
                0x000000000800484c                Can_availableForTx
 .text.bxCanDoTx
                0x0000000008004874       0xd4 Src/can.o
                0x0000000008004874                bxCanDoTx
 .text.bxCan_sendFrame
                0x0000000008004948       0x24 Src/can.o
                0x0000000008004948                bxCan_sendFrame
 .text.HAL_CAN_TxCpltCallback
                0x000000000800496c       0x1c Src/can.o
                0x000000000800496c                HAL_CAN_TxCpltCallback
 .text.HAL_CAN_RxCpltCallback
                0x0000000008004988       0x80 Src/can.o
                0x0000000008004988                HAL_CAN_RxCpltCallback
 .text.HAL_CAN_ErrorCallback
                0x0000000008004a08       0x14 Src/can.o
                0x0000000008004a08                HAL_CAN_ErrorCallback
 .text.bxCan_setTxCallback
                0x0000000008004a1c        0xc Src/can.o
                0x0000000008004a1c                bxCan_setTxCallback
 .text.bxCan_setErrCallback
                0x0000000008004a28        0xc Src/can.o
                0x0000000008004a28                bxCan_setErrCallback
 .text.vApplicationStackOverflowHook
                0x0000000008004a34        0x4 Src/freertos.o
                0x0000000008004a34                vApplicationStackOverflowHook
 .text.cantxcb  0x0000000008004a38       0x10 Src/main.o
                0x0000000008004a38                cantxcb
 .text.canercb  0x0000000008004a48        0xc Src/main.o
                0x0000000008004a48                canercb
 .text.waitTilAvail
                0x0000000008004a54       0x18 Src/main.o
 .text.MX_GPIO_Init
                0x0000000008004a6c       0xa0 Src/main.o
 .text.MX_DMA_Init
                0x0000000008004b0c       0x44 Src/main.o
 .text.TmrKickDog
                0x0000000008004b50       0x18 Src/main.o
                0x0000000008004b50                TmrKickDog
 .text.notifySuccess
                0x0000000008004b68       0x30 Src/main.o
                0x0000000008004b68                notifySuccess
 .text.notifyFail
                0x0000000008004b98       0x30 Src/main.o
                0x0000000008004b98                notifyFail
 .text.toHex    0x0000000008004bc8       0x10 Src/main.o
                0x0000000008004bc8                toHex
 .text.fromHex  0x0000000008004bd8       0x34 Src/main.o
                0x0000000008004bd8                fromHex
 .text.intToDec
                0x0000000008004c0c       0x70 Src/main.o
                0x0000000008004c0c                intToDec
 .text.intToHex
                0x0000000008004c7c       0x2c Src/main.o
                0x0000000008004c7c                intToHex
 .text.doProcessCan
                0x0000000008004ca8      0x158 Src/main.o
                0x0000000008004ca8                doProcessCan
 .text.logError
                0x0000000008004e00       0xc8 Src/main.o
                0x0000000008004e00                logError
 .text.doHousekeeping
                0x0000000008004ec8       0xa0 Src/main.o
                0x0000000008004ec8                doHousekeeping
 .text.parseFilter
                0x0000000008004f68      0x1ac Src/main.o
                0x0000000008004f68                parseFilter
 .text.parseFrame
                0x0000000008005114      0x140 Src/main.o
                0x0000000008005114                parseFrame
 .text.displayHelp
                0x0000000008005254       0x34 Src/main.o
                0x0000000008005254                displayHelp
 .text.listFilters
                0x0000000008005288      0x1d0 Src/main.o
                0x0000000008005288                listFilters
 .text.deleteFilter
                0x0000000008005458       0x7c Src/main.o
                0x0000000008005458                deleteFilter
 .text.doProcessUart
                0x00000000080054d4       0xcc Src/main.o
                0x00000000080054d4                doProcessUart
 .text.HAL_TIM_PeriodElapsedCallback
                0x00000000080055a0       0x14 Src/main.o
                0x00000000080055a0                HAL_TIM_PeriodElapsedCallback
 .text.Error_Handler
                0x00000000080055b4        0x4 Src/main.o
                0x00000000080055b4                Error_Handler
 .text.MX_USART2_UART_Init
                0x00000000080055b8       0x34 Src/main.o
 .text.MX_CAN1_Init
                0x00000000080055ec       0x40 Src/main.o
 .text.MX_WWDG_Init
                0x000000000800562c       0x2c Src/main.o
 .text.SystemClock_Config
                0x0000000008005658       0xb8 Src/main.o
                0x0000000008005658                SystemClock_Config
 .text.main     0x0000000008005710      0x158 Src/main.o
                0x0000000008005710                main
 .text.Serial2_getHead
                0x0000000008005868       0x1c Src/serial.o
 .text.Serial2_available_tx
                0x0000000008005884       0x40 Src/serial.o
 .text.Serial2_dequeue_tx
                0x00000000080058c4       0x28 Src/serial.o
 .text.doTx     0x00000000080058ec       0x58 Src/serial.o
 .text.Serial2_begin
                0x0000000008005944       0x18 Src/serial.o
                0x0000000008005944                Serial2_begin
 .text.HAL_UART_RxCpltCallback
                0x000000000800595c       0x18 Src/serial.o
                0x000000000800595c                HAL_UART_RxCpltCallback
 .text.Serial2_available
                0x0000000008005974       0x44 Src/serial.o
                0x0000000008005974                Serial2_available
 .text.Serial2_read
                0x00000000080059b8       0x3c Src/serial.o
                0x00000000080059b8                Serial2_read
 .text.Serial2_availableForWrite
                0x00000000080059f4       0x20 Src/serial.o
                0x00000000080059f4                Serial2_availableForWrite
 .text.HAL_UART_TxCpltCallback
                0x0000000008005a14       0x18 Src/serial.o
                0x0000000008005a14                HAL_UART_TxCpltCallback
 .text.Serial2_writeBytes
                0x0000000008005a2c       0x80 Src/serial.o
                0x0000000008005a2c                Serial2_writeBytes
 .text.Serial2_write
                0x0000000008005aac       0x18 Src/serial.o
                0x0000000008005aac                Serial2_write
 .text.HAL_MspInit
                0x0000000008005ac4       0x60 Src/stm32f4xx_hal_msp.o
                0x0000000008005ac4                HAL_MspInit
 .text.HAL_CAN_MspInit
                0x0000000008005b24       0x90 Src/stm32f4xx_hal_msp.o
                0x0000000008005b24                HAL_CAN_MspInit
 .text.HAL_UART_MspInit
                0x0000000008005bb4       0xe0 Src/stm32f4xx_hal_msp.o
                0x0000000008005bb4                HAL_UART_MspInit
 .text.HAL_WWDG_MspInit
                0x0000000008005c94       0x30 Src/stm32f4xx_hal_msp.o
                0x0000000008005c94                HAL_WWDG_MspInit
 .text.HAL_InitTick
                0x0000000008005cc4       0x7c Src/stm32f4xx_hal_timebase_TIM.o
                0x0000000008005cc4                HAL_InitTick
 .text.SysTick_Handler
                0x0000000008005d40        0x8 Src/stm32f4xx_it.o
                0x0000000008005d40                SysTick_Handler
 .text.DMA1_Stream5_IRQHandler
                0x0000000008005d48       0x10 Src/stm32f4xx_it.o
                0x0000000008005d48                DMA1_Stream5_IRQHandler
 .text.DMA1_Stream6_IRQHandler
                0x0000000008005d58       0x10 Src/stm32f4xx_it.o
                0x0000000008005d58                DMA1_Stream6_IRQHandler
 .text.CAN1_TX_IRQHandler
                0x0000000008005d68       0x10 Src/stm32f4xx_it.o
                0x0000000008005d68                CAN1_TX_IRQHandler
 .text.CAN1_RX0_IRQHandler
                0x0000000008005d78       0x10 Src/stm32f4xx_it.o
                0x0000000008005d78                CAN1_RX0_IRQHandler
 .text.CAN1_RX1_IRQHandler
                0x0000000008005d88       0x10 Src/stm32f4xx_it.o
                0x0000000008005d88                CAN1_RX1_IRQHandler
 .text.CAN1_SCE_IRQHandler
                0x0000000008005d98       0x10 Src/stm32f4xx_it.o
                0x0000000008005d98                CAN1_SCE_IRQHandler
 .text.USART2_IRQHandler
                0x0000000008005da8       0x10 Src/stm32f4xx_it.o
                0x0000000008005da8                USART2_IRQHandler
 .text.TIM6_DAC_IRQHandler
                0x0000000008005db8       0x10 Src/stm32f4xx_it.o
                0x0000000008005db8                TIM6_DAC_IRQHandler
 .text.SystemInit
                0x0000000008005dc8       0x4c Src/system_stm32f4xx.o
                0x0000000008005dc8                SystemInit
 .text.Reset_Handler
                0x0000000008005e14       0x50 startup/startup_stm32f446xx.o
                0x0000000008005e14                Reset_Handler
 .text.Default_Handler
                0x0000000008005e64        0x2 startup/startup_stm32f446xx.o
                0x0000000008005e64                FMPI2C1_Error_IRQHandler
                0x0000000008005e64                EXTI2_IRQHandler
                0x0000000008005e64                TIM8_CC_IRQHandler
                0x0000000008005e64                DebugMon_Handler
                0x0000000008005e64                SPI4_IRQHandler
                0x0000000008005e64                TIM1_CC_IRQHandler
                0x0000000008005e64                DMA2_Stream5_IRQHandler
                0x0000000008005e64                HardFault_Handler
                0x0000000008005e64                PVD_IRQHandler
                0x0000000008005e64                SDIO_IRQHandler
                0x0000000008005e64                TAMP_STAMP_IRQHandler
                0x0000000008005e64                NMI_Handler
                0x0000000008005e64                CAN2_RX1_IRQHandler
                0x0000000008005e64                EXTI3_IRQHandler
                0x0000000008005e64                TIM8_TRG_COM_TIM14_IRQHandler
                0x0000000008005e64                TIM1_UP_TIM10_IRQHandler
                0x0000000008005e64                TIM8_UP_TIM13_IRQHandler
                0x0000000008005e64                I2C3_ER_IRQHandler
                0x0000000008005e64                FMPI2C1_Event_IRQHandler
                0x0000000008005e64                EXTI0_IRQHandler
                0x0000000008005e64                I2C2_EV_IRQHandler
                0x0000000008005e64                DMA1_Stream2_IRQHandler
                0x0000000008005e64                FPU_IRQHandler
                0x0000000008005e64                OTG_HS_WKUP_IRQHandler
                0x0000000008005e64                UsageFault_Handler
                0x0000000008005e64                CAN2_SCE_IRQHandler
                0x0000000008005e64                DMA2_Stream2_IRQHandler
                0x0000000008005e64                SPI1_IRQHandler
                0x0000000008005e64                TIM1_BRK_TIM9_IRQHandler
                0x0000000008005e64                DCMI_IRQHandler
                0x0000000008005e64                CAN2_RX0_IRQHandler
                0x0000000008005e64                DMA2_Stream3_IRQHandler
                0x0000000008005e64                SAI2_IRQHandler
                0x0000000008005e64                USART6_IRQHandler
                0x0000000008005e64                USART3_IRQHandler
                0x0000000008005e64                UART5_IRQHandler
                0x0000000008005e64                DMA2_Stream0_IRQHandler
                0x0000000008005e64                TIM4_IRQHandler
                0x0000000008005e64                QUADSPI_IRQHandler
                0x0000000008005e64                I2C1_EV_IRQHandler
                0x0000000008005e64                DMA1_Stream1_IRQHandler
                0x0000000008005e64                UART4_IRQHandler
                0x0000000008005e64                TIM3_IRQHandler
                0x0000000008005e64                RCC_IRQHandler
                0x0000000008005e64                TIM8_BRK_TIM12_IRQHandler
                0x0000000008005e64                Default_Handler
                0x0000000008005e64                CEC_IRQHandler
                0x0000000008005e64                EXTI15_10_IRQHandler
                0x0000000008005e64                ADC_IRQHandler
                0x0000000008005e64                DMA1_Stream7_IRQHandler
                0x0000000008005e64                TIM7_IRQHandler
                0x0000000008005e64                CAN2_TX_IRQHandler
                0x0000000008005e64                TIM5_IRQHandler
                0x0000000008005e64                DMA2_Stream7_IRQHandler
                0x0000000008005e64                I2C3_EV_IRQHandler
                0x0000000008005e64                EXTI9_5_IRQHandler
                0x0000000008005e64                RTC_WKUP_IRQHandler
                0x0000000008005e64                SPDIF_RX_IRQHandler
                0x0000000008005e64                SPI2_IRQHandler
                0x0000000008005e64                OTG_HS_EP1_IN_IRQHandler
                0x0000000008005e64                MemManage_Handler
                0x0000000008005e64                DMA1_Stream0_IRQHandler
                0x0000000008005e64                EXTI4_IRQHandler
                0x0000000008005e64                OTG_HS_EP1_OUT_IRQHandler
                0x0000000008005e64                WWDG_IRQHandler
                0x0000000008005e64                TIM2_IRQHandler
                0x0000000008005e64                OTG_FS_WKUP_IRQHandler
                0x0000000008005e64                TIM1_TRG_COM_TIM11_IRQHandler
                0x0000000008005e64                OTG_HS_IRQHandler
                0x0000000008005e64                EXTI1_IRQHandler
                0x0000000008005e64                I2C2_ER_IRQHandler
                0x0000000008005e64                DMA2_Stream1_IRQHandler
                0x0000000008005e64                FLASH_IRQHandler
                0x0000000008005e64                DMA2_Stream4_IRQHandler
                0x0000000008005e64                BusFault_Handler
                0x0000000008005e64                USART1_IRQHandler
                0x0000000008005e64                OTG_FS_IRQHandler
                0x0000000008005e64                SPI3_IRQHandler
                0x0000000008005e64                DMA1_Stream4_IRQHandler
                0x0000000008005e64                I2C1_ER_IRQHandler
                0x0000000008005e64                FMC_IRQHandler
                0x0000000008005e64                DMA2_Stream6_IRQHandler
                0x0000000008005e64                SAI1_IRQHandler
                0x0000000008005e64                DMA1_Stream3_IRQHandler
                0x0000000008005e64                RTC_Alarm_IRQHandler
 *fill*         0x0000000008005e66        0x2 
 .text.__libc_init_array
                0x0000000008005e68       0x4c /Applications/Ac6/SystemWorkbench.app/Contents/Eclipse/plugins/fr.ac6.mcu.externaltools.arm-none.macos64_1.13.1.201703061524/tools/compiler/bin/../lib/gcc/arm-none-eabi/5.4.1/../../../../arm-none-eabi/lib/armv7e-m/fpu/libc_nano.a(lib_a-init.o)
                0x0000000008005e68                __libc_init_array
 .text.memcpy   0x0000000008005eb4       0x16 /Applications/Ac6/SystemWorkbench.app/Contents/Eclipse/plugins/fr.ac6.mcu.externaltools.arm-none.macos64_1.13.1.201703061524/tools/compiler/bin/../lib/gcc/arm-none-eabi/5.4.1/../../../../arm-none-eabi/lib/armv7e-m/fpu/libc_nano.a(lib_a-memcpy-stub.o)
                0x0000000008005eb4                memcpy
 .text.memset   0x0000000008005eca       0x10 /Applications/Ac6/SystemWorkbench.app/Contents/Eclipse/plugins/fr.ac6.mcu.externaltools.arm-none.macos64_1.13.1.201703061524/tools/compiler/bin/../lib/gcc/arm-none-eabi/5.4.1/../../../../arm-none-eabi/lib/armv7e-m/fpu/libc_nano.a(lib_a-memset.o)
                0x0000000008005eca                memset
 *(.glue_7)
 .glue_7        0x0000000008005eda        0x0 linker stubs
 *(.glue_7t)
 .glue_7t       0x0000000008005eda        0x0 linker stubs
 *(.eh_frame)
 *fill*         0x0000000008005eda        0x2 
 .eh_frame      0x0000000008005edc        0x0 /Applications/Ac6/SystemWorkbench.app/Contents/Eclipse/plugins/fr.ac6.mcu.externaltools.arm-none.macos64_1.13.1.201703061524/tools/compiler/bin/../lib/gcc/arm-none-eabi/5.4.1/armv7e-m/fpu/crtbegin.o
 *(.init)
 .init          0x0000000008005edc        0x4 /Applications/Ac6/SystemWorkbench.app/Contents/Eclipse/plugins/fr.ac6.mcu.externaltools.arm-none.macos64_1.13.1.201703061524/tools/compiler/bin/../lib/gcc/arm-none-eabi/5.4.1/armv7e-m/fpu/crti.o
                0x0000000008005edc                _init
 .init          0x0000000008005ee0        0x8 /Applications/Ac6/SystemWorkbench.app/Contents/Eclipse/plugins/fr.ac6.mcu.externaltools.arm-none.macos64_1.13.1.201703061524/tools/compiler/bin/../lib/gcc/arm-none-eabi/5.4.1/armv7e-m/fpu/crtn.o
 *(.fini)
 .fini          0x0000000008005ee8        0x4 /Applications/Ac6/SystemWorkbench.app/Contents/Eclipse/plugins/fr.ac6.mcu.externaltools.arm-none.macos64_1.13.1.201703061524/tools/compiler/bin/../lib/gcc/arm-none-eabi/5.4.1/armv7e-m/fpu/crti.o
                0x0000000008005ee8                _fini
 .fini          0x0000000008005eec        0x8 /Applications/Ac6/SystemWorkbench.app/Contents/Eclipse/plugins/fr.ac6.mcu.externaltools.arm-none.macos64_1.13.1.201703061524/tools/compiler/bin/../lib/gcc/arm-none-eabi/5.4.1/armv7e-m/fpu/crtn.o
                0x0000000008005ef4                . = ALIGN (0x4)
                0x0000000008005ef4                _etext = .

.vfp11_veneer   0x0000000008005ef4        0x0
 .vfp11_veneer  0x0000000008005ef4        0x0 linker stubs

.v4_bx          0x0000000008005ef4        0x0
 .v4_bx         0x0000000008005ef4        0x0 linker stubs

.iplt           0x0000000008005ef4        0x0
 .iplt          0x0000000008005ef4        0x0 /Applications/Ac6/SystemWorkbench.app/Contents/Eclipse/plugins/fr.ac6.mcu.externaltools.arm-none.macos64_1.13.1.201703061524/tools/compiler/bin/../lib/gcc/arm-none-eabi/5.4.1/armv7e-m/fpu/crtbegin.o

.rodata         0x0000000008005ef4       0xa4
                0x0000000008005ef4                . = ALIGN (0x4)
 *(.rodata)
 .rodata        0x0000000008005ef4        0x8 Drivers/STM32F4xx_HAL_Driver/Src/stm32f4xx_hal_dma.o
 .rodata        0x0000000008005efc       0x44 Src/main.o
 .rodata        0x0000000008005f40       0x18 Src/system_stm32f4xx.o
                0x0000000008005f40                AHBPrescTable
                0x0000000008005f50                APBPrescTable
 *(.rodata*)
 .rodata.str1.4
                0x0000000008005f58        0x0 Middlewares/Third_Party/FreeRTOS/Source/CMSIS_RTOS/cmsis_os.o
                                          0x1 (size before relaxing)
 .rodata.str1.4
                0x0000000008005f58        0x5 Middlewares/Third_Party/FreeRTOS/Source/tasks.o
 *fill*         0x0000000008005f5d        0x3 
 .rodata.str1.4
                0x0000000008005f60       0x10 Middlewares/Third_Party/FreeRTOS/Source/timers.o
 .rodata.str1.4
                0x0000000008005f70       0x28 Src/main.o
                                         0x27 (size before relaxing)
                0x0000000008005f98                . = ALIGN (0x4)

.rel.dyn        0x0000000008005f98        0x0
 .rel.iplt      0x0000000008005f98        0x0 /Applications/Ac6/SystemWorkbench.app/Contents/Eclipse/plugins/fr.ac6.mcu.externaltools.arm-none.macos64_1.13.1.201703061524/tools/compiler/bin/../lib/gcc/arm-none-eabi/5.4.1/armv7e-m/fpu/crtbegin.o

.ARM.extab
 *(.ARM.extab* .gnu.linkonce.armextab.*)

.ARM            0x0000000008005f98        0x0
                0x0000000008005f98                __exidx_start = .
 *(.ARM.exidx*)
                0x0000000008005f98                __exidx_end = .

.preinit_array  0x0000000008005f98        0x0
                0x0000000008005f98                PROVIDE (__preinit_array_start, .)
 *(.preinit_array*)
                0x0000000008005f98                PROVIDE (__preinit_array_end, .)

.init_array     0x0000000008005f98        0x4
                0x0000000008005f98                PROVIDE (__init_array_start, .)
 *(SORT(.init_array.*))
 *(.init_array*)
 .init_array    0x0000000008005f98        0x4 /Applications/Ac6/SystemWorkbench.app/Contents/Eclipse/plugins/fr.ac6.mcu.externaltools.arm-none.macos64_1.13.1.201703061524/tools/compiler/bin/../lib/gcc/arm-none-eabi/5.4.1/armv7e-m/fpu/crtbegin.o
                0x0000000008005f9c                PROVIDE (__init_array_end, .)

.fini_array     0x0000000008005f9c        0x4
                [!provide]                        PROVIDE (__fini_array_start, .)
 *(SORT(.fini_array.*))
 *(.fini_array*)
 .fini_array    0x0000000008005f9c        0x4 /Applications/Ac6/SystemWorkbench.app/Contents/Eclipse/plugins/fr.ac6.mcu.externaltools.arm-none.macos64_1.13.1.201703061524/tools/compiler/bin/../lib/gcc/arm-none-eabi/5.4.1/armv7e-m/fpu/crtbegin.o
                [!provide]                        PROVIDE (__fini_array_end, .)
                0x0000000008005fa0                _sidata = LOADADDR (.data)

.data           0x0000000020000000      0x60c load address 0x0000000008005fa0
                0x0000000020000000                . = ALIGN (0x4)
                0x0000000020000000                _sdata = .
 *(.data)
 .data          0x0000000020000000        0x4 Middlewares/Third_Party/FreeRTOS/Source/portable/GCC/ARM_CM4F/port.o
 .data          0x0000000020000004        0x1 Src/can.o
 *fill*         0x0000000020000005        0x3 
 .data          0x0000000020000008      0x5f4 Src/main.o
                0x00000000200000f0                Err_Messages
                0x0000000020000454                ERR_invalidFilterNumMsg
                0x0000000020000470                ERR_invalidDecCharMsg
                0x0000000020000494                ERR_CanErrorCRCMsg
                0x00000000200004a4                ERR_CanErrorBDMsg
                0x00000000200004bc                ERR_CanErrorBRMsg
                0x00000000200004d4                ERR_CanErrorACKMsg
                0x00000000200004e4                ERR_CanErrorFORMsg
                0x00000000200004fc                ERR_CanErrorSTFMsg
                0x0000000020000514                ERR_CanErrorBOFMsg
                0x0000000020000528                ERR_CanErrorEPVMsg
                0x0000000020000544                ERR_CanErrorEWGMsg
                0x0000000020000560                ERR_idIsOutOfRangeMsg
                0x000000002000058c                ERR_invalidRtrBitsMsg
                0x00000000200005b4                ERR_invalidCommandMsg
                0x00000000200005d4                ERR_invalidHexCharMsg
 .data          0x00000000200005fc        0xc Src/serial.o
 .data          0x0000000020000608        0x4 Src/system_stm32f4xx.o
                0x0000000020000608                SystemCoreClock
 *(.data*)
                0x000000002000060c                . = ALIGN (0x4)
                0x000000002000060c                _edata = .

.jcr            0x000000002000060c        0x0 load address 0x00000000080065ac
 .jcr           0x000000002000060c        0x0 /Applications/Ac6/SystemWorkbench.app/Contents/Eclipse/plugins/fr.ac6.mcu.externaltools.arm-none.macos64_1.13.1.201703061524/tools/compiler/bin/../lib/gcc/arm-none-eabi/5.4.1/armv7e-m/fpu/crtbegin.o

.igot.plt       0x000000002000060c        0x0 load address 0x00000000080065ac
 .igot.plt      0x000000002000060c        0x0 /Applications/Ac6/SystemWorkbench.app/Contents/Eclipse/plugins/fr.ac6.mcu.externaltools.arm-none.macos64_1.13.1.201703061524/tools/compiler/bin/../lib/gcc/arm-none-eabi/5.4.1/armv7e-m/fpu/crtbegin.o
                0x000000002000060c                . = ALIGN (0x4)

.bss            0x000000002000060c     0x87f0 load address 0x00000000080065ac
                0x000000002000060c                _sbss = .
                0x000000002000060c                __bss_start__ = _sbss
 *(.bss)
 .bss           0x000000002000060c       0x1c /Applications/Ac6/SystemWorkbench.app/Contents/Eclipse/plugins/fr.ac6.mcu.externaltools.arm-none.macos64_1.13.1.201703061524/tools/compiler/bin/../lib/gcc/arm-none-eabi/5.4.1/armv7e-m/fpu/crtbegin.o
 .bss           0x0000000020000628      0x118 Middlewares/Third_Party/FreeRTOS/Source/tasks.o
                0x0000000020000714                pxCurrentTCB
 .bss           0x0000000020000740       0x3c Middlewares/Third_Party/FreeRTOS/Source/timers.o
 .bss           0x000000002000077c        0x8 Middlewares/Third_Party/FreeRTOS/Source/portable/GCC/ARM_CM4F/port.o
 .bss           0x0000000020000784     0x8018 Middlewares/Third_Party/FreeRTOS/Source/portable/MemMang/heap_4.o
 .bss           0x000000002000879c      0x2d0 Src/can.o
 .bss           0x0000000020008a6c       0x51 Src/main.o
 *fill*         0x0000000020008abd        0x3 
 .bss           0x0000000020008ac0       0x89 Src/serial.o
 *(.bss*)
 *(COMMON)
 *fill*         0x0000000020008b49        0x3 
 COMMON         0x0000000020008b4c        0x4 Drivers/STM32F4xx_HAL_Driver/Src/stm32f4xx_hal.o
                0x0000000020008b4c                uwTick
 COMMON         0x0000000020008b50       0x40 Middlewares/Third_Party/FreeRTOS/Source/queue.o
                0x0000000020008b50                xQueueRegistry
 COMMON         0x0000000020008b90      0x230 Src/main.o
                0x0000000020008b90                hdma_usart2_rx
                0x0000000020008bf0                processCanHandle
                0x0000000020008bf4                mainCanRxQHandle
                0x0000000020008bf8                housekeepingHandle
                0x0000000020008bfc                UartTxMtxHandle
                0x0000000020008c00                processUartHandle
                0x0000000020008c04                Serial2_buffer
                0x0000000020008c44                hdma_usart2_tx
                0x0000000020008ca4                mainCanTxQHandle
                0x0000000020008ca8                hwwdg
                0x0000000020008cbc                WWDGTmrHandle
                0x0000000020008cc0                Serial2_writeStr_Buf
                0x0000000020008d40                huart2
                0x0000000020008d80                hcan1
 COMMON         0x0000000020008dc0       0x3c Src/stm32f4xx_hal_timebase_TIM.o
                0x0000000020008dc0                htim6
                0x0000000020008dfc                . = ALIGN (0x4)
                0x0000000020008dfc                _ebss = .
                0x0000000020008dfc                __bss_end__ = _ebss

._user_heap_stack
                0x0000000020008dfc      0x604 load address 0x00000000080065ac
                0x0000000020008e00                . = ALIGN (0x8)
 *fill*         0x0000000020008dfc        0x4 
                [!provide]                        PROVIDE (end, .)
                [!provide]                        PROVIDE (_end, .)
                0x0000000020009000                . = (. + _Min_Heap_Size)
 *fill*         0x0000000020008e00      0x200 
                0x0000000020009400                . = (. + _Min_Stack_Size)
 *fill*         0x0000000020009000      0x400 
                0x0000000020009400                . = ALIGN (0x8)

/DISCARD/
 libc.a(*)
 libm.a(*)
 libgcc.a(*)

.ARM.attributes
                0x0000000000000000       0x30
 *(.ARM.attributes)
 .ARM.attributes
                0x0000000000000000       0x22 /Applications/Ac6/SystemWorkbench.app/Contents/Eclipse/plugins/fr.ac6.mcu.externaltools.arm-none.macos64_1.13.1.201703061524/tools/compiler/bin/../lib/gcc/arm-none-eabi/5.4.1/armv7e-m/fpu/crti.o
 .ARM.attributes
                0x0000000000000022       0x34 /Applications/Ac6/SystemWorkbench.app/Contents/Eclipse/plugins/fr.ac6.mcu.externaltools.arm-none.macos64_1.13.1.201703061524/tools/compiler/bin/../lib/gcc/arm-none-eabi/5.4.1/armv7e-m/fpu/crtbegin.o
 .ARM.attributes
                0x0000000000000056       0x39 Drivers/STM32F4xx_HAL_Driver/Src/stm32f4xx_hal.o
 .ARM.attributes
                0x000000000000008f       0x39 Drivers/STM32F4xx_HAL_Driver/Src/stm32f4xx_hal_can.o
 .ARM.attributes
                0x00000000000000c8       0x39 Drivers/STM32F4xx_HAL_Driver/Src/stm32f4xx_hal_cortex.o
 .ARM.attributes
                0x0000000000000101       0x39 Drivers/STM32F4xx_HAL_Driver/Src/stm32f4xx_hal_dma.o
 .ARM.attributes
                0x000000000000013a       0x39 Drivers/STM32F4xx_HAL_Driver/Src/stm32f4xx_hal_gpio.o
 .ARM.attributes
                0x0000000000000173       0x39 Drivers/STM32F4xx_HAL_Driver/Src/stm32f4xx_hal_rcc.o
 .ARM.attributes
                0x00000000000001ac       0x39 Drivers/STM32F4xx_HAL_Driver/Src/stm32f4xx_hal_rcc_ex.o
 .ARM.attributes
                0x00000000000001e5       0x39 Drivers/STM32F4xx_HAL_Driver/Src/stm32f4xx_hal_tim.o
 .ARM.attributes
                0x000000000000021e       0x39 Drivers/STM32F4xx_HAL_Driver/Src/stm32f4xx_hal_tim_ex.o
 .ARM.attributes
                0x0000000000000257       0x39 Drivers/STM32F4xx_HAL_Driver/Src/stm32f4xx_hal_uart.o
 .ARM.attributes
                0x0000000000000290       0x39 Drivers/STM32F4xx_HAL_Driver/Src/stm32f4xx_hal_wwdg.o
 .ARM.attributes
                0x00000000000002c9       0x39 Middlewares/Third_Party/FreeRTOS/Source/CMSIS_RTOS/cmsis_os.o
 .ARM.attributes
                0x0000000000000302       0x39 Middlewares/Third_Party/FreeRTOS/Source/list.o
 .ARM.attributes
                0x000000000000033b       0x39 Middlewares/Third_Party/FreeRTOS/Source/queue.o
 .ARM.attributes
                0x0000000000000374       0x39 Middlewares/Third_Party/FreeRTOS/Source/tasks.o
 .ARM.attributes
                0x00000000000003ad       0x39 Middlewares/Third_Party/FreeRTOS/Source/timers.o
 .ARM.attributes
                0x00000000000003e6       0x39 Middlewares/Third_Party/FreeRTOS/Source/portable/GCC/ARM_CM4F/port.o
 .ARM.attributes
                0x000000000000041f       0x39 Middlewares/Third_Party/FreeRTOS/Source/portable/MemMang/heap_4.o
 .ARM.attributes
                0x0000000000000458       0x39 Src/can.o
 .ARM.attributes
                0x0000000000000491       0x39 Src/freertos.o
 .ARM.attributes
                0x00000000000004ca       0x39 Src/main.o
 .ARM.attributes
                0x0000000000000503       0x39 Src/serial.o
 .ARM.attributes
                0x000000000000053c       0x39 Src/stm32f4xx_hal_msp.o
 .ARM.attributes
                0x0000000000000575       0x39 Src/stm32f4xx_hal_timebase_TIM.o
 .ARM.attributes
                0x00000000000005ae       0x39 Src/stm32f4xx_it.o
 .ARM.attributes
                0x00000000000005e7       0x39 Src/system_stm32f4xx.o
 .ARM.attributes
                0x0000000000000620       0x21 startup/startup_stm32f446xx.o
 .ARM.attributes
                0x0000000000000641       0x34 /Applications/Ac6/SystemWorkbench.app/Contents/Eclipse/plugins/fr.ac6.mcu.externaltools.arm-none.macos64_1.13.1.201703061524/tools/compiler/bin/../lib/gcc/arm-none-eabi/5.4.1/../../../../arm-none-eabi/lib/armv7e-m/fpu/libc_nano.a(lib_a-init.o)
 .ARM.attributes
                0x0000000000000675       0x34 /Applications/Ac6/SystemWorkbench.app/Contents/Eclipse/plugins/fr.ac6.mcu.externaltools.arm-none.macos64_1.13.1.201703061524/tools/compiler/bin/../lib/gcc/arm-none-eabi/5.4.1/../../../../arm-none-eabi/lib/armv7e-m/fpu/libc_nano.a(lib_a-memcpy-stub.o)
 .ARM.attributes
                0x00000000000006a9       0x34 /Applications/Ac6/SystemWorkbench.app/Contents/Eclipse/plugins/fr.ac6.mcu.externaltools.arm-none.macos64_1.13.1.201703061524/tools/compiler/bin/../lib/gcc/arm-none-eabi/5.4.1/../../../../arm-none-eabi/lib/armv7e-m/fpu/libc_nano.a(lib_a-memset.o)
 .ARM.attributes
                0x00000000000006dd       0x22 /Applications/Ac6/SystemWorkbench.app/Contents/Eclipse/plugins/fr.ac6.mcu.externaltools.arm-none.macos64_1.13.1.201703061524/tools/compiler/bin/../lib/gcc/arm-none-eabi/5.4.1/armv7e-m/fpu/crtn.o
OUTPUT(Candy_Bugger_46.elf elf32-littlearm)

.debug_info     0x0000000000000000    0x1aaa6
 .debug_info    0x0000000000000000      0x97a Drivers/STM32F4xx_HAL_Driver/Src/stm32f4xx_hal.o
 .debug_info    0x000000000000097a      0xbe0 Drivers/STM32F4xx_HAL_Driver/Src/stm32f4xx_hal_can.o
 .debug_info    0x000000000000155a      0xf2b Drivers/STM32F4xx_HAL_Driver/Src/stm32f4xx_hal_cortex.o
 .debug_info    0x0000000000002485      0xa62 Drivers/STM32F4xx_HAL_Driver/Src/stm32f4xx_hal_dma.o
 .debug_info    0x0000000000002ee7      0x778 Drivers/STM32F4xx_HAL_Driver/Src/stm32f4xx_hal_gpio.o
 .debug_info    0x000000000000365f      0xd25 Drivers/STM32F4xx_HAL_Driver/Src/stm32f4xx_hal_rcc.o
 .debug_info    0x0000000000004384     0x13e4 Drivers/STM32F4xx_HAL_Driver/Src/stm32f4xx_hal_rcc_ex.o
 .debug_info    0x0000000000005768     0x2e14 Drivers/STM32F4xx_HAL_Driver/Src/stm32f4xx_hal_tim.o
 .debug_info    0x000000000000857c     0x12a5 Drivers/STM32F4xx_HAL_Driver/Src/stm32f4xx_hal_tim_ex.o
 .debug_info    0x0000000000009821     0x16b4 Drivers/STM32F4xx_HAL_Driver/Src/stm32f4xx_hal_uart.o
 .debug_info    0x000000000000aed5      0x2a9 Drivers/STM32F4xx_HAL_Driver/Src/stm32f4xx_hal_wwdg.o
 .debug_info    0x000000000000b17e     0x1c8d Middlewares/Third_Party/FreeRTOS/Source/CMSIS_RTOS/cmsis_os.o
 .debug_info    0x000000000000ce0b      0x2a5 Middlewares/Third_Party/FreeRTOS/Source/list.o
 .debug_info    0x000000000000d0b0     0x185b Middlewares/Third_Party/FreeRTOS/Source/queue.o
 .debug_info    0x000000000000e90b     0x1e4c Middlewares/Third_Party/FreeRTOS/Source/tasks.o
 .debug_info    0x0000000000010757     0x105b Middlewares/Third_Party/FreeRTOS/Source/timers.o
 .debug_info    0x00000000000117b2      0x534 Middlewares/Third_Party/FreeRTOS/Source/portable/GCC/ARM_CM4F/port.o
 .debug_info    0x0000000000011ce6      0x445 Middlewares/Third_Party/FreeRTOS/Source/portable/MemMang/heap_4.o
 .debug_info    0x000000000001212b     0x100c Src/can.o
 .debug_info    0x0000000000013137       0xc8 Src/freertos.o
 .debug_info    0x00000000000131ff     0x393d Src/main.o
 .debug_info    0x0000000000016b3c      0xc02 Src/serial.o
 .debug_info    0x000000000001773e     0x1453 Src/stm32f4xx_hal_msp.o
 .debug_info    0x0000000000018b91      0xba8 Src/stm32f4xx_hal_timebase_TIM.o
 .debug_info    0x0000000000019739      0xdbc Src/stm32f4xx_it.o
 .debug_info    0x000000000001a4f5      0x534 Src/system_stm32f4xx.o
 .debug_info    0x000000000001aa29       0x7d startup/startup_stm32f446xx.o

.debug_abbrev   0x0000000000000000     0x3969
 .debug_abbrev  0x0000000000000000      0x25c Drivers/STM32F4xx_HAL_Driver/Src/stm32f4xx_hal.o
 .debug_abbrev  0x000000000000025c      0x231 Drivers/STM32F4xx_HAL_Driver/Src/stm32f4xx_hal_can.o
 .debug_abbrev  0x000000000000048d      0x2fe Drivers/STM32F4xx_HAL_Driver/Src/stm32f4xx_hal_cortex.o
 .debug_abbrev  0x000000000000078b      0x28e Drivers/STM32F4xx_HAL_Driver/Src/stm32f4xx_hal_dma.o
 .debug_abbrev  0x0000000000000a19      0x1cd Drivers/STM32F4xx_HAL_Driver/Src/stm32f4xx_hal_gpio.o
 .debug_abbrev  0x0000000000000be6      0x2b0 Drivers/STM32F4xx_HAL_Driver/Src/stm32f4xx_hal_rcc.o
 .debug_abbrev  0x0000000000000e96      0x262 Drivers/STM32F4xx_HAL_Driver/Src/stm32f4xx_hal_rcc_ex.o
 .debug_abbrev  0x00000000000010f8      0x21b Drivers/STM32F4xx_HAL_Driver/Src/stm32f4xx_hal_tim.o
 .debug_abbrev  0x0000000000001313      0x21b Drivers/STM32F4xx_HAL_Driver/Src/stm32f4xx_hal_tim_ex.o
 .debug_abbrev  0x000000000000152e      0x26f Drivers/STM32F4xx_HAL_Driver/Src/stm32f4xx_hal_uart.o
 .debug_abbrev  0x000000000000179d      0x164 Drivers/STM32F4xx_HAL_Driver/Src/stm32f4xx_hal_wwdg.o
 .debug_abbrev  0x0000000000001901      0x2fe Middlewares/Third_Party/FreeRTOS/Source/CMSIS_RTOS/cmsis_os.o
 .debug_abbrev  0x0000000000001bff       0xdf Middlewares/Third_Party/FreeRTOS/Source/list.o
 .debug_abbrev  0x0000000000001cde      0x297 Middlewares/Third_Party/FreeRTOS/Source/queue.o
 .debug_abbrev  0x0000000000001f75      0x321 Middlewares/Third_Party/FreeRTOS/Source/tasks.o
 .debug_abbrev  0x0000000000002296      0x229 Middlewares/Third_Party/FreeRTOS/Source/timers.o
 .debug_abbrev  0x00000000000024bf      0x21c Middlewares/Third_Party/FreeRTOS/Source/portable/GCC/ARM_CM4F/port.o
 .debug_abbrev  0x00000000000026db      0x20d Middlewares/Third_Party/FreeRTOS/Source/portable/MemMang/heap_4.o
 .debug_abbrev  0x00000000000028e8      0x303 Src/can.o
 .debug_abbrev  0x0000000000002beb       0x73 Src/freertos.o
 .debug_abbrev  0x0000000000002c5e      0x3ec Src/main.o
 .debug_abbrev  0x000000000000304a      0x27e Src/serial.o
 .debug_abbrev  0x00000000000032c8      0x228 Src/stm32f4xx_hal_msp.o
 .debug_abbrev  0x00000000000034f0      0x1d4 Src/stm32f4xx_hal_timebase_TIM.o
 .debug_abbrev  0x00000000000036c4      0x18f Src/stm32f4xx_it.o
 .debug_abbrev  0x0000000000003853      0x104 Src/system_stm32f4xx.o
 .debug_abbrev  0x0000000000003957       0x12 startup/startup_stm32f446xx.o

.debug_loc      0x0000000000000000     0xd609
 .debug_loc     0x0000000000000000       0x91 Drivers/STM32F4xx_HAL_Driver/Src/stm32f4xx_hal.o
 .debug_loc     0x0000000000000091      0x781 Drivers/STM32F4xx_HAL_Driver/Src/stm32f4xx_hal_can.o
 .debug_loc     0x0000000000000812      0x548 Drivers/STM32F4xx_HAL_Driver/Src/stm32f4xx_hal_cortex.o
 .debug_loc     0x0000000000000d5a      0xa0b Drivers/STM32F4xx_HAL_Driver/Src/stm32f4xx_hal_dma.o
 .debug_loc     0x0000000000001765      0x38f Drivers/STM32F4xx_HAL_Driver/Src/stm32f4xx_hal_gpio.o
 .debug_loc     0x0000000000001af4      0x622 Drivers/STM32F4xx_HAL_Driver/Src/stm32f4xx_hal_rcc.o
 .debug_loc     0x0000000000002116      0xef0 Drivers/STM32F4xx_HAL_Driver/Src/stm32f4xx_hal_rcc_ex.o
 .debug_loc     0x0000000000003006     0x3278 Drivers/STM32F4xx_HAL_Driver/Src/stm32f4xx_hal_tim.o
 .debug_loc     0x000000000000627e      0xd74 Drivers/STM32F4xx_HAL_Driver/Src/stm32f4xx_hal_tim_ex.o
 .debug_loc     0x0000000000006ff2     0x137a Drivers/STM32F4xx_HAL_Driver/Src/stm32f4xx_hal_uart.o
 .debug_loc     0x000000000000836c       0x79 Drivers/STM32F4xx_HAL_Driver/Src/stm32f4xx_hal_wwdg.o
 .debug_loc     0x00000000000083e5     0x10b4 Middlewares/Third_Party/FreeRTOS/Source/CMSIS_RTOS/cmsis_os.o
 .debug_loc     0x0000000000009499       0x65 Middlewares/Third_Party/FreeRTOS/Source/list.o
 .debug_loc     0x00000000000094fe      0xeae Middlewares/Third_Party/FreeRTOS/Source/queue.o
 .debug_loc     0x000000000000a3ac      0xee1 Middlewares/Third_Party/FreeRTOS/Source/tasks.o
 .debug_loc     0x000000000000b28d      0x9ad Middlewares/Third_Party/FreeRTOS/Source/timers.o
 .debug_loc     0x000000000000bc3a       0xdc Middlewares/Third_Party/FreeRTOS/Source/portable/GCC/ARM_CM4F/port.o
 .debug_loc     0x000000000000bd16      0x282 Middlewares/Third_Party/FreeRTOS/Source/portable/MemMang/heap_4.o
 .debug_loc     0x000000000000bf98      0xb84 Src/can.o
 .debug_loc     0x000000000000cb1c      0x4b0 Src/main.o
 .debug_loc     0x000000000000cfcc      0x402 Src/serial.o
 .debug_loc     0x000000000000d3ce       0x9f Src/stm32f4xx_hal_msp.o
 .debug_loc     0x000000000000d46d       0x6a Src/stm32f4xx_hal_timebase_TIM.o
 .debug_loc     0x000000000000d4d7      0x132 Src/system_stm32f4xx.o

.debug_aranges  0x0000000000000000     0x1458
 .debug_aranges
                0x0000000000000000       0xc8 Drivers/STM32F4xx_HAL_Driver/Src/stm32f4xx_hal.o
 .debug_aranges
                0x00000000000000c8       0xb0 Drivers/STM32F4xx_HAL_Driver/Src/stm32f4xx_hal_can.o
 .debug_aranges
                0x0000000000000178       0xa8 Drivers/STM32F4xx_HAL_Driver/Src/stm32f4xx_hal_cortex.o
 .debug_aranges
                0x0000000000000220       0x90 Drivers/STM32F4xx_HAL_Driver/Src/stm32f4xx_hal_dma.o
 .debug_aranges
                0x00000000000002b0       0x58 Drivers/STM32F4xx_HAL_Driver/Src/stm32f4xx_hal_gpio.o
 .debug_aranges
                0x0000000000000308       0x88 Drivers/STM32F4xx_HAL_Driver/Src/stm32f4xx_hal_rcc.o
 .debug_aranges
                0x0000000000000390       0x58 Drivers/STM32F4xx_HAL_Driver/Src/stm32f4xx_hal_rcc_ex.o
 .debug_aranges
                0x00000000000003e8      0x368 Drivers/STM32F4xx_HAL_Driver/Src/stm32f4xx_hal_tim.o
 .debug_aranges
                0x0000000000000750      0x140 Drivers/STM32F4xx_HAL_Driver/Src/stm32f4xx_hal_tim_ex.o
 .debug_aranges
                0x0000000000000890      0x1d0 Drivers/STM32F4xx_HAL_Driver/Src/stm32f4xx_hal_uart.o
 .debug_aranges
                0x0000000000000a60       0x40 Drivers/STM32F4xx_HAL_Driver/Src/stm32f4xx_hal_wwdg.o
 .debug_aranges
                0x0000000000000aa0      0x1e8 Middlewares/Third_Party/FreeRTOS/Source/CMSIS_RTOS/cmsis_os.o
 .debug_aranges
                0x0000000000000c88       0x40 Middlewares/Third_Party/FreeRTOS/Source/list.o
 .debug_aranges
                0x0000000000000cc8       0xf0 Middlewares/Third_Party/FreeRTOS/Source/queue.o
 .debug_aranges
                0x0000000000000db8      0x178 Middlewares/Third_Party/FreeRTOS/Source/tasks.o
 .debug_aranges
                0x0000000000000f30       0xb8 Middlewares/Third_Party/FreeRTOS/Source/timers.o
 .debug_aranges
                0x0000000000000fe8       0x80 Middlewares/Third_Party/FreeRTOS/Source/portable/GCC/ARM_CM4F/port.o
 .debug_aranges
                0x0000000000001068       0x50 Middlewares/Third_Party/FreeRTOS/Source/portable/MemMang/heap_4.o
 .debug_aranges
                0x00000000000010b8       0xa8 Src/can.o
 .debug_aranges
                0x0000000000001160       0x20 Src/freertos.o
 .debug_aranges
                0x0000000000001180      0x108 Src/main.o
 .debug_aranges
                0x0000000000001288       0xa8 Src/serial.o
 .debug_aranges
                0x0000000000001330       0x48 Src/stm32f4xx_hal_msp.o
 .debug_aranges
                0x0000000000001378       0x30 Src/stm32f4xx_hal_timebase_TIM.o
 .debug_aranges
                0x00000000000013a8       0x60 Src/stm32f4xx_it.o
 .debug_aranges
                0x0000000000001408       0x28 Src/system_stm32f4xx.o
 .debug_aranges
                0x0000000000001430       0x28 startup/startup_stm32f446xx.o

.debug_ranges   0x0000000000000000     0x13c8
 .debug_ranges  0x0000000000000000       0xb8 Drivers/STM32F4xx_HAL_Driver/Src/stm32f4xx_hal.o
 .debug_ranges  0x00000000000000b8       0xa0 Drivers/STM32F4xx_HAL_Driver/Src/stm32f4xx_hal_can.o
 .debug_ranges  0x0000000000000158       0x98 Drivers/STM32F4xx_HAL_Driver/Src/stm32f4xx_hal_cortex.o
 .debug_ranges  0x00000000000001f0       0x80 Drivers/STM32F4xx_HAL_Driver/Src/stm32f4xx_hal_dma.o
 .debug_ranges  0x0000000000000270       0x48 Drivers/STM32F4xx_HAL_Driver/Src/stm32f4xx_hal_gpio.o
 .debug_ranges  0x00000000000002b8       0x78 Drivers/STM32F4xx_HAL_Driver/Src/stm32f4xx_hal_rcc.o
 .debug_ranges  0x0000000000000330       0x48 Drivers/STM32F4xx_HAL_Driver/Src/stm32f4xx_hal_rcc_ex.o
 .debug_ranges  0x0000000000000378      0x358 Drivers/STM32F4xx_HAL_Driver/Src/stm32f4xx_hal_tim.o
 .debug_ranges  0x00000000000006d0      0x130 Drivers/STM32F4xx_HAL_Driver/Src/stm32f4xx_hal_tim_ex.o
 .debug_ranges  0x0000000000000800      0x1c0 Drivers/STM32F4xx_HAL_Driver/Src/stm32f4xx_hal_uart.o
 .debug_ranges  0x00000000000009c0       0x30 Drivers/STM32F4xx_HAL_Driver/Src/stm32f4xx_hal_wwdg.o
 .debug_ranges  0x00000000000009f0      0x1d8 Middlewares/Third_Party/FreeRTOS/Source/CMSIS_RTOS/cmsis_os.o
 .debug_ranges  0x0000000000000bc8       0x30 Middlewares/Third_Party/FreeRTOS/Source/list.o
 .debug_ranges  0x0000000000000bf8      0x128 Middlewares/Third_Party/FreeRTOS/Source/queue.o
 .debug_ranges  0x0000000000000d20      0x1a8 Middlewares/Third_Party/FreeRTOS/Source/tasks.o
 .debug_ranges  0x0000000000000ec8       0xa8 Middlewares/Third_Party/FreeRTOS/Source/timers.o
 .debug_ranges  0x0000000000000f70       0x70 Middlewares/Third_Party/FreeRTOS/Source/portable/GCC/ARM_CM4F/port.o
 .debug_ranges  0x0000000000000fe0       0x40 Middlewares/Third_Party/FreeRTOS/Source/portable/MemMang/heap_4.o
 .debug_ranges  0x0000000000001020       0xb0 Src/can.o
 .debug_ranges  0x00000000000010d0       0x10 Src/freertos.o
 .debug_ranges  0x00000000000010e0      0x110 Src/main.o
 .debug_ranges  0x00000000000011f0       0xf8 Src/serial.o
 .debug_ranges  0x00000000000012e8       0x38 Src/stm32f4xx_hal_msp.o
 .debug_ranges  0x0000000000001320       0x20 Src/stm32f4xx_hal_timebase_TIM.o
 .debug_ranges  0x0000000000001340       0x50 Src/stm32f4xx_it.o
 .debug_ranges  0x0000000000001390       0x18 Src/system_stm32f4xx.o
 .debug_ranges  0x00000000000013a8       0x20 startup/startup_stm32f446xx.o

.debug_macro    0x0000000000000000    0x25820
 .debug_macro   0x0000000000000000      0x382 Drivers/STM32F4xx_HAL_Driver/Src/stm32f4xx_hal.o
 .debug_macro   0x0000000000000382      0x898 Drivers/STM32F4xx_HAL_Driver/Src/stm32f4xx_hal.o
 .debug_macro   0x0000000000000c1a       0x5e Drivers/STM32F4xx_HAL_Driver/Src/stm32f4xx_hal.o
 .debug_macro   0x0000000000000c78      0x18c Drivers/STM32F4xx_HAL_Driver/Src/stm32f4xx_hal.o
 .debug_macro   0x0000000000000e04       0x33 Drivers/STM32F4xx_HAL_Driver/Src/stm32f4xx_hal.o
 .debug_macro   0x0000000000000e37       0x28 Drivers/STM32F4xx_HAL_Driver/Src/stm32f4xx_hal.o
 .debug_macro   0x0000000000000e5f       0x22 Drivers/STM32F4xx_HAL_Driver/Src/stm32f4xx_hal.o
 .debug_macro   0x0000000000000e81       0x87 Drivers/STM32F4xx_HAL_Driver/Src/stm32f4xx_hal.o
 .debug_macro   0x0000000000000f08       0x44 Drivers/STM32F4xx_HAL_Driver/Src/stm32f4xx_hal.o
 .debug_macro   0x0000000000000f4c       0xfd Drivers/STM32F4xx_HAL_Driver/Src/stm32f4xx_hal.o
 .debug_macro   0x0000000000001049       0x5e Drivers/STM32F4xx_HAL_Driver/Src/stm32f4xx_hal.o
 .debug_macro   0x00000000000010a7      0x1df Drivers/STM32F4xx_HAL_Driver/Src/stm32f4xx_hal.o
 .debug_macro   0x0000000000001286       0x35 Drivers/STM32F4xx_HAL_Driver/Src/stm32f4xx_hal.o
 .debug_macro   0x00000000000012bb       0x50 Drivers/STM32F4xx_HAL_Driver/Src/stm32f4xx_hal.o
 .debug_macro   0x000000000000130b      0xe66 Drivers/STM32F4xx_HAL_Driver/Src/stm32f4xx_hal.o
 .debug_macro   0x0000000000002171    0x16703 Drivers/STM32F4xx_HAL_Driver/Src/stm32f4xx_hal.o
 .debug_macro   0x0000000000018874       0x43 Drivers/STM32F4xx_HAL_Driver/Src/stm32f4xx_hal.o
 .debug_macro   0x00000000000188b7     0x3574 Drivers/STM32F4xx_HAL_Driver/Src/stm32f4xx_hal.o
 .debug_macro   0x000000000001be2b       0x52 Drivers/STM32F4xx_HAL_Driver/Src/stm32f4xx_hal.o
 .debug_macro   0x000000000001be7d       0x35 Drivers/STM32F4xx_HAL_Driver/Src/stm32f4xx_hal.o
 .debug_macro   0x000000000001beb2       0x9c Drivers/STM32F4xx_HAL_Driver/Src/stm32f4xx_hal.o
 .debug_macro   0x000000000001bf4e       0x16 Drivers/STM32F4xx_HAL_Driver/Src/stm32f4xx_hal.o
 .debug_macro   0x000000000001bf64       0x97 Drivers/STM32F4xx_HAL_Driver/Src/stm32f4xx_hal.o
 .debug_macro   0x000000000001bffb      0x30d Drivers/STM32F4xx_HAL_Driver/Src/stm32f4xx_hal.o
 .debug_macro   0x000000000001c308       0xfd Drivers/STM32F4xx_HAL_Driver/Src/stm32f4xx_hal.o
 .debug_macro   0x000000000001c405       0x10 Drivers/STM32F4xx_HAL_Driver/Src/stm32f4xx_hal.o
 .debug_macro   0x000000000001c415       0x52 Drivers/STM32F4xx_HAL_Driver/Src/stm32f4xx_hal.o
 .debug_macro   0x000000000001c467       0x1f Drivers/STM32F4xx_HAL_Driver/Src/stm32f4xx_hal.o
 .debug_macro   0x000000000001c486       0x43 Drivers/STM32F4xx_HAL_Driver/Src/stm32f4xx_hal.o
 .debug_macro   0x000000000001c4c9       0x20 Drivers/STM32F4xx_HAL_Driver/Src/stm32f4xx_hal.o
 .debug_macro   0x000000000001c4e9      0x187 Drivers/STM32F4xx_HAL_Driver/Src/stm32f4xx_hal.o
 .debug_macro   0x000000000001c670       0x10 Drivers/STM32F4xx_HAL_Driver/Src/stm32f4xx_hal.o
 .debug_macro   0x000000000001c680       0x1c Drivers/STM32F4xx_HAL_Driver/Src/stm32f4xx_hal.o
 .debug_macro   0x000000000001c69c       0x52 Drivers/STM32F4xx_HAL_Driver/Src/stm32f4xx_hal.o
 .debug_macro   0x000000000001c6ee       0x40 Drivers/STM32F4xx_HAL_Driver/Src/stm32f4xx_hal.o
 .debug_macro   0x000000000001c72e       0x10 Drivers/STM32F4xx_HAL_Driver/Src/stm32f4xx_hal.o
 .debug_macro   0x000000000001c73e       0x40 Drivers/STM32F4xx_HAL_Driver/Src/stm32f4xx_hal.o
 .debug_macro   0x000000000001c77e       0xd7 Drivers/STM32F4xx_HAL_Driver/Src/stm32f4xx_hal.o
 .debug_macro   0x000000000001c855       0x16 Drivers/STM32F4xx_HAL_Driver/Src/stm32f4xx_hal.o
 .debug_macro   0x000000000001c86b      0x18b Drivers/STM32F4xx_HAL_Driver/Src/stm32f4xx_hal.o
 .debug_macro   0x000000000001c9f6       0x50 Drivers/STM32F4xx_HAL_Driver/Src/stm32f4xx_hal.o
 .debug_macro   0x000000000001ca46      0xc90 Drivers/STM32F4xx_HAL_Driver/Src/stm32f4xx_hal.o
 .debug_macro   0x000000000001d6d6      0x9e1 Drivers/STM32F4xx_HAL_Driver/Src/stm32f4xx_hal.o
 .debug_macro   0x000000000001e0b7      0x11e Drivers/STM32F4xx_HAL_Driver/Src/stm32f4xx_hal.o
 .debug_macro   0x000000000001e1d5      0x1a0 Drivers/STM32F4xx_HAL_Driver/Src/stm32f4xx_hal.o
 .debug_macro   0x000000000001e375       0x27 Drivers/STM32F4xx_HAL_Driver/Src/stm32f4xx_hal.o
 .debug_macro   0x000000000001e39c      0x287 Drivers/STM32F4xx_HAL_Driver/Src/stm32f4xx_hal.o
 .debug_macro   0x000000000001e623       0x5f Drivers/STM32F4xx_HAL_Driver/Src/stm32f4xx_hal.o
 .debug_macro   0x000000000001e682      0x23a Drivers/STM32F4xx_HAL_Driver/Src/stm32f4xx_hal.o
 .debug_macro   0x000000000001e8bc      0x36e Drivers/STM32F4xx_HAL_Driver/Src/stm32f4xx_hal.o
 .debug_macro   0x000000000001ec2a      0x13a Drivers/STM32F4xx_HAL_Driver/Src/stm32f4xx_hal.o
 .debug_macro   0x000000000001ed64      0x29c Drivers/STM32F4xx_HAL_Driver/Src/stm32f4xx_hal.o
 .debug_macro   0x000000000001f000       0x2e Drivers/STM32F4xx_HAL_Driver/Src/stm32f4xx_hal.o
 .debug_macro   0x000000000001f02e      0x11e Drivers/STM32F4xx_HAL_Driver/Src/stm32f4xx_hal.o
 .debug_macro   0x000000000001f14c       0xe8 Drivers/STM32F4xx_HAL_Driver/Src/stm32f4xx_hal.o
 .debug_macro   0x000000000001f234       0x89 Drivers/STM32F4xx_HAL_Driver/Src/stm32f4xx_hal.o
 .debug_macro   0x000000000001f2bd      0x6e0 Drivers/STM32F4xx_HAL_Driver/Src/stm32f4xx_hal.o
 .debug_macro   0x000000000001f99d       0x62 Drivers/STM32F4xx_HAL_Driver/Src/stm32f4xx_hal.o
 .debug_macro   0x000000000001f9ff      0x14d Drivers/STM32F4xx_HAL_Driver/Src/stm32f4xx_hal.o
 .debug_macro   0x000000000001fb4c      0x287 Drivers/STM32F4xx_HAL_Driver/Src/stm32f4xx_hal.o
 .debug_macro   0x000000000001fdd3       0x89 Drivers/STM32F4xx_HAL_Driver/Src/stm32f4xx_hal.o
 .debug_macro   0x000000000001fe5c      0x11e Drivers/STM32F4xx_HAL_Driver/Src/stm32f4xx_hal.o
 .debug_macro   0x000000000001ff7a      0x329 Drivers/STM32F4xx_HAL_Driver/Src/stm32f4xx_hal_can.o
 .debug_macro   0x00000000000202a3      0x322 Drivers/STM32F4xx_HAL_Driver/Src/stm32f4xx_hal_cortex.o
 .debug_macro   0x00000000000205c5      0x329 Drivers/STM32F4xx_HAL_Driver/Src/stm32f4xx_hal_dma.o
 .debug_macro   0x00000000000208ee      0x35a Drivers/STM32F4xx_HAL_Driver/Src/stm32f4xx_hal_gpio.o
 .debug_macro   0x0000000000020c48      0x34c Drivers/STM32F4xx_HAL_Driver/Src/stm32f4xx_hal_rcc.o
 .debug_macro   0x0000000000020f94      0x322 Drivers/STM32F4xx_HAL_Driver/Src/stm32f4xx_hal_rcc_ex.o
 .debug_macro   0x00000000000212b6      0x323 Drivers/STM32F4xx_HAL_Driver/Src/stm32f4xx_hal_tim.o
 .debug_macro   0x00000000000215d9      0x322 Drivers/STM32F4xx_HAL_Driver/Src/stm32f4xx_hal_tim_ex.o
 .debug_macro   0x00000000000218fb      0x323 Drivers/STM32F4xx_HAL_Driver/Src/stm32f4xx_hal_uart.o
 .debug_macro   0x0000000000021c1e      0x322 Drivers/STM32F4xx_HAL_Driver/Src/stm32f4xx_hal_wwdg.o
 .debug_macro   0x0000000000021f40      0x1f4 Middlewares/Third_Party/FreeRTOS/Source/CMSIS_RTOS/cmsis_os.o
 .debug_macro   0x0000000000022134       0x4c Middlewares/Third_Party/FreeRTOS/Source/CMSIS_RTOS/cmsis_os.o
 .debug_macro   0x0000000000022180       0x8d Middlewares/Third_Party/FreeRTOS/Source/CMSIS_RTOS/cmsis_os.o
 .debug_macro   0x000000000002220d      0x174 Middlewares/Third_Party/FreeRTOS/Source/CMSIS_RTOS/cmsis_os.o
 .debug_macro   0x0000000000022381       0x4a Middlewares/Third_Party/FreeRTOS/Source/CMSIS_RTOS/cmsis_os.o
 .debug_macro   0x00000000000223cb       0x10 Middlewares/Third_Party/FreeRTOS/Source/CMSIS_RTOS/cmsis_os.o
 .debug_macro   0x00000000000223db       0x35 Middlewares/Third_Party/FreeRTOS/Source/CMSIS_RTOS/cmsis_os.o
 .debug_macro   0x0000000000022410       0x16 Middlewares/Third_Party/FreeRTOS/Source/CMSIS_RTOS/cmsis_os.o
 .debug_macro   0x0000000000022426       0x26 Middlewares/Third_Party/FreeRTOS/Source/CMSIS_RTOS/cmsis_os.o
 .debug_macro   0x000000000002244c      0x126 Middlewares/Third_Party/FreeRTOS/Source/CMSIS_RTOS/cmsis_os.o
 .debug_macro   0x0000000000022572      0x168 Middlewares/Third_Party/FreeRTOS/Source/CMSIS_RTOS/cmsis_os.o
 .debug_macro   0x00000000000226da       0xe4 Middlewares/Third_Party/FreeRTOS/Source/CMSIS_RTOS/cmsis_os.o
 .debug_macro   0x00000000000227be       0x10 Middlewares/Third_Party/FreeRTOS/Source/CMSIS_RTOS/cmsis_os.o
 .debug_macro   0x00000000000227ce       0x1f Middlewares/Third_Party/FreeRTOS/Source/CMSIS_RTOS/cmsis_os.o
 .debug_macro   0x00000000000227ed      0x32f Middlewares/Third_Party/FreeRTOS/Source/CMSIS_RTOS/cmsis_os.o
 .debug_macro   0x0000000000022b1c       0xc0 Middlewares/Third_Party/FreeRTOS/Source/CMSIS_RTOS/cmsis_os.o
 .debug_macro   0x0000000000022bdc       0x8c Middlewares/Third_Party/FreeRTOS/Source/CMSIS_RTOS/cmsis_os.o
 .debug_macro   0x0000000000022c68       0x91 Middlewares/Third_Party/FreeRTOS/Source/CMSIS_RTOS/cmsis_os.o
 .debug_macro   0x0000000000022cf9       0x94 Middlewares/Third_Party/FreeRTOS/Source/CMSIS_RTOS/cmsis_os.o
 .debug_macro   0x0000000000022d8d       0x63 Middlewares/Third_Party/FreeRTOS/Source/CMSIS_RTOS/cmsis_os.o
 .debug_macro   0x0000000000022df0       0x19 Middlewares/Third_Party/FreeRTOS/Source/CMSIS_RTOS/cmsis_os.o
 .debug_macro   0x0000000000022e09       0xcf Middlewares/Third_Party/FreeRTOS/Source/CMSIS_RTOS/cmsis_os.o
 .debug_macro   0x0000000000022ed8      0x18b Middlewares/Third_Party/FreeRTOS/Source/list.o
 .debug_macro   0x0000000000023063      0x207 Middlewares/Third_Party/FreeRTOS/Source/queue.o
 .debug_macro   0x000000000002326a       0x16 Middlewares/Third_Party/FreeRTOS/Source/queue.o
 .debug_macro   0x0000000000023280      0x26a Middlewares/Third_Party/FreeRTOS/Source/tasks.o
 .debug_macro   0x00000000000234ea       0x10 Middlewares/Third_Party/FreeRTOS/Source/tasks.o
 .debug_macro   0x00000000000234fa      0x1c8 Middlewares/Third_Party/FreeRTOS/Source/timers.o
 .debug_macro   0x00000000000236c2      0x1ad Middlewares/Third_Party/FreeRTOS/Source/portable/GCC/ARM_CM4F/port.o
 .debug_macro   0x000000000002386f      0x1b2 Middlewares/Third_Party/FreeRTOS/Source/portable/MemMang/heap_4.o
 .debug_macro   0x0000000000023a21      0x3e7 Src/can.o
 .debug_macro   0x0000000000023e08      0x12c Src/can.o
 .debug_macro   0x0000000000023f34      0x192 Src/can.o
 .debug_macro   0x00000000000240c6       0x3b Src/can.o
 .debug_macro   0x0000000000024101       0xe0 Src/freertos.o
 .debug_macro   0x00000000000241e1      0x442 Src/main.o
 .debug_macro   0x0000000000024623      0x12c Src/main.o
 .debug_macro   0x000000000002474f       0x16 Src/main.o
 .debug_macro   0x0000000000024765      0x346 Src/serial.o
 .debug_macro   0x0000000000024aab       0x1c Src/serial.o
 .debug_macro   0x0000000000024ac7      0x322 Src/stm32f4xx_hal_msp.o
 .debug_macro   0x0000000000024de9      0x322 Src/stm32f4xx_hal_timebase_TIM.o
 .debug_macro   0x000000000002510b      0x3ed Src/stm32f4xx_it.o
 .debug_macro   0x00000000000254f8      0x328 Src/system_stm32f4xx.o

.debug_line     0x0000000000000000    0x125c5
 .debug_line    0x0000000000000000      0xa2d Drivers/STM32F4xx_HAL_Driver/Src/stm32f4xx_hal.o
 .debug_line    0x0000000000000a2d      0xc91 Drivers/STM32F4xx_HAL_Driver/Src/stm32f4xx_hal_can.o
 .debug_line    0x00000000000016be      0xa8a Drivers/STM32F4xx_HAL_Driver/Src/stm32f4xx_hal_cortex.o
 .debug_line    0x0000000000002148      0xb8d Drivers/STM32F4xx_HAL_Driver/Src/stm32f4xx_hal_dma.o
 .debug_line    0x0000000000002cd5      0x9f8 Drivers/STM32F4xx_HAL_Driver/Src/stm32f4xx_hal_gpio.o
 .debug_line    0x00000000000036cd      0xbaa Drivers/STM32F4xx_HAL_Driver/Src/stm32f4xx_hal_rcc.o
 .debug_line    0x0000000000004277      0xe3e Drivers/STM32F4xx_HAL_Driver/Src/stm32f4xx_hal_rcc_ex.o
 .debug_line    0x00000000000050b5     0x1875 Drivers/STM32F4xx_HAL_Driver/Src/stm32f4xx_hal_tim.o
 .debug_line    0x000000000000692a      0xe24 Drivers/STM32F4xx_HAL_Driver/Src/stm32f4xx_hal_tim_ex.o
 .debug_line    0x000000000000774e     0x1127 Drivers/STM32F4xx_HAL_Driver/Src/stm32f4xx_hal_uart.o
 .debug_line    0x0000000000008875      0x8ec Drivers/STM32F4xx_HAL_Driver/Src/stm32f4xx_hal_wwdg.o
 .debug_line    0x0000000000009161      0xcb8 Middlewares/Third_Party/FreeRTOS/Source/CMSIS_RTOS/cmsis_os.o
 .debug_line    0x0000000000009e19      0x608 Middlewares/Third_Party/FreeRTOS/Source/list.o
 .debug_line    0x000000000000a421      0xb66 Middlewares/Third_Party/FreeRTOS/Source/queue.o
 .debug_line    0x000000000000af87      0xdb9 Middlewares/Third_Party/FreeRTOS/Source/tasks.o
 .debug_line    0x000000000000bd40      0x86e Middlewares/Third_Party/FreeRTOS/Source/timers.o
 .debug_line    0x000000000000c5ae      0x69a Middlewares/Third_Party/FreeRTOS/Source/portable/GCC/ARM_CM4F/port.o
 .debug_line    0x000000000000cc48      0x6c3 Middlewares/Third_Party/FreeRTOS/Source/portable/MemMang/heap_4.o
 .debug_line    0x000000000000d30b      0xdad Src/can.o
 .debug_line    0x000000000000e0b8      0x4fa Src/freertos.o
 .debug_line    0x000000000000e5b2      0xf89 Src/main.o
 .debug_line    0x000000000000f53b      0xa74 Src/serial.o
 .debug_line    0x000000000000ffaf      0x921 Src/stm32f4xx_hal_msp.o
 .debug_line    0x00000000000108d0      0x8b6 Src/stm32f4xx_hal_timebase_TIM.o
 .debug_line    0x0000000000011186      0xb1a Src/stm32f4xx_it.o
 .debug_line    0x0000000000011ca0      0x8a6 Src/system_stm32f4xx.o
 .debug_line    0x0000000000012546       0x7f startup/startup_stm32f446xx.o

.debug_str      0x0000000000000000    0xd3c47
 .debug_str     0x0000000000000000    0xc79ec Drivers/STM32F4xx_HAL_Driver/Src/stm32f4xx_hal.o
                                      0xc7da6 (size before relaxing)
 .debug_str     0x00000000000c79ec      0x4b6 Drivers/STM32F4xx_HAL_Driver/Src/stm32f4xx_hal_can.o
                                      0xc7637 (size before relaxing)
 .debug_str     0x00000000000c7ea2      0x39e Drivers/STM32F4xx_HAL_Driver/Src/stm32f4xx_hal_cortex.o
                                      0xc7b49 (size before relaxing)
 .debug_str     0x00000000000c8240      0x4fb Drivers/STM32F4xx_HAL_Driver/Src/stm32f4xx_hal_dma.o
                                      0xc768d (size before relaxing)
 .debug_str     0x00000000000c873b      0x292 Drivers/STM32F4xx_HAL_Driver/Src/stm32f4xx_hal_gpio.o
                                      0xc74c0 (size before relaxing)
 .debug_str     0x00000000000c89cd      0x3a1 Drivers/STM32F4xx_HAL_Driver/Src/stm32f4xx_hal_rcc.o
                                      0xc76c2 (size before relaxing)
 .debug_str     0x00000000000c8d6e      0x2be Drivers/STM32F4xx_HAL_Driver/Src/stm32f4xx_hal_rcc_ex.o
                                      0xc7654 (size before relaxing)
 .debug_str     0x00000000000c902c      0xe81 Drivers/STM32F4xx_HAL_Driver/Src/stm32f4xx_hal_tim.o
                                      0xc8291 (size before relaxing)
 .debug_str     0x00000000000c9ead      0x4f4 Drivers/STM32F4xx_HAL_Driver/Src/stm32f4xx_hal_tim_ex.o
                                      0xc7b51 (size before relaxing)
 .debug_str     0x00000000000ca3a1      0x6e1 Drivers/STM32F4xx_HAL_Driver/Src/stm32f4xx_hal_uart.o
                                      0xc7ae0 (size before relaxing)
 .debug_str     0x00000000000caa82       0xe0 Drivers/STM32F4xx_HAL_Driver/Src/stm32f4xx_hal_wwdg.o
                                      0xc71c8 (size before relaxing)
 .debug_str     0x00000000000cab62     0x5b57 Middlewares/Third_Party/FreeRTOS/Source/CMSIS_RTOS/cmsis_os.o
                                       0xbc11 (size before relaxing)
 .debug_str     0x00000000000d06b9      0x231 Middlewares/Third_Party/FreeRTOS/Source/list.o
                                       0x8e32 (size before relaxing)
 .debug_str     0x00000000000d08ea      0x776 Middlewares/Third_Party/FreeRTOS/Source/queue.o
                                       0xa4e6 (size before relaxing)
 .debug_str     0x00000000000d1060     0x102a Middlewares/Third_Party/FreeRTOS/Source/tasks.o
                                       0xaf9e (size before relaxing)
 .debug_str     0x00000000000d208a      0x415 Middlewares/Third_Party/FreeRTOS/Source/timers.o
                                       0xa989 (size before relaxing)
 .debug_str     0x00000000000d249f      0x77c Middlewares/Third_Party/FreeRTOS/Source/portable/GCC/ARM_CM4F/port.o
                                       0x73ed (size before relaxing)