###############################################################################
#
# IAR ELF Linker V8.11.1.13263/W32 for ARM                30/Apr/2017  18:07:05
# Copyright 2007-2017 IAR Systems AB.
#
#    Output file  =  
#        E:\Workspaces\James\FIrmware_46_EWARM\Candy_Bugger_46_IAR\EWARM\Candy_Bugger_46_IAR\Exe\Candy_Bugger_46_IAR.out
#    Map file     =  
#        E:\Workspaces\James\FIrmware_46_EWARM\Candy_Bugger_46_IAR\EWARM\Candy_Bugger_46_IAR\List\Candy_Bugger_46_IAR.map
#    Command line =  
#        -f C:\Users\James\AppData\Local\Temp\EW2AAE.tmp
#        (E:\Workspaces\James\FIrmware_46_EWARM\Candy_Bugger_46_IAR\EWARM\Candy_Bugger_46_IAR\Obj\can.o
#        E:\Workspaces\James\FIrmware_46_EWARM\Candy_Bugger_46_IAR\EWARM\Candy_Bugger_46_IAR\Obj\cmsis_os.o
#        E:\Workspaces\James\FIrmware_46_EWARM\Candy_Bugger_46_IAR\EWARM\Candy_Bugger_46_IAR\Obj\croutine.o
#        E:\Workspaces\James\FIrmware_46_EWARM\Candy_Bugger_46_IAR\EWARM\Candy_Bugger_46_IAR\Obj\event_groups.o
#        E:\Workspaces\James\FIrmware_46_EWARM\Candy_Bugger_46_IAR\EWARM\Candy_Bugger_46_IAR\Obj\freertos.o
#        E:\Workspaces\James\FIrmware_46_EWARM\Candy_Bugger_46_IAR\EWARM\Candy_Bugger_46_IAR\Obj\heap_4.o
#        E:\Workspaces\James\FIrmware_46_EWARM\Candy_Bugger_46_IAR\EWARM\Candy_Bugger_46_IAR\Obj\list.o
#        E:\Workspaces\James\FIrmware_46_EWARM\Candy_Bugger_46_IAR\EWARM\Candy_Bugger_46_IAR\Obj\main.o
#        E:\Workspaces\James\FIrmware_46_EWARM\Candy_Bugger_46_IAR\EWARM\Candy_Bugger_46_IAR\Obj\port.o
#        E:\Workspaces\James\FIrmware_46_EWARM\Candy_Bugger_46_IAR\EWARM\Candy_Bugger_46_IAR\Obj\portasm.o
#        E:\Workspaces\James\FIrmware_46_EWARM\Candy_Bugger_46_IAR\EWARM\Candy_Bugger_46_IAR\Obj\queue.o
#        E:\Workspaces\James\FIrmware_46_EWARM\Candy_Bugger_46_IAR\EWARM\Candy_Bugger_46_IAR\Obj\serial.o
#        E:\Workspaces\James\FIrmware_46_EWARM\Candy_Bugger_46_IAR\EWARM\Candy_Bugger_46_IAR\Obj\startup_stm32f446xx.o
#        E:\Workspaces\James\FIrmware_46_EWARM\Candy_Bugger_46_IAR\EWARM\Candy_Bugger_46_IAR\Obj\stm32f4xx_hal.o
#        E:\Workspaces\James\FIrmware_46_EWARM\Candy_Bugger_46_IAR\EWARM\Candy_Bugger_46_IAR\Obj\stm32f4xx_hal_can.o
#        E:\Workspaces\James\FIrmware_46_EWARM\Candy_Bugger_46_IAR\EWARM\Candy_Bugger_46_IAR\Obj\stm32f4xx_hal_cortex.o
#        E:\Workspaces\James\FIrmware_46_EWARM\Candy_Bugger_46_IAR\EWARM\Candy_Bugger_46_IAR\Obj\stm32f4xx_hal_dma.o
#        E:\Workspaces\James\FIrmware_46_EWARM\Candy_Bugger_46_IAR\EWARM\Candy_Bugger_46_IAR\Obj\stm32f4xx_hal_dma_ex.o
#        E:\Workspaces\James\FIrmware_46_EWARM\Candy_Bugger_46_IAR\EWARM\Candy_Bugger_46_IAR\Obj\stm32f4xx_hal_flash.o
#        E:\Workspaces\James\FIrmware_46_EWARM\Candy_Bugger_46_IAR\EWARM\Candy_Bugger_46_IAR\Obj\stm32f4xx_hal_flash_ex.o
#        E:\Workspaces\James\FIrmware_46_EWARM\Candy_Bugger_46_IAR\EWARM\Candy_Bugger_46_IAR\Obj\stm32f4xx_hal_flash_ramfunc.o
#        E:\Workspaces\James\FIrmware_46_EWARM\Candy_Bugger_46_IAR\EWARM\Candy_Bugger_46_IAR\Obj\stm32f4xx_hal_gpio.o
#        E:\Workspaces\James\FIrmware_46_EWARM\Candy_Bugger_46_IAR\EWARM\Candy_Bugger_46_IAR\Obj\stm32f4xx_hal_msp.o
#        E:\Workspaces\James\FIrmware_46_EWARM\Candy_Bugger_46_IAR\EWARM\Candy_Bugger_46_IAR\Obj\stm32f4xx_hal_pwr.o
#        E:\Workspaces\James\FIrmware_46_EWARM\Candy_Bugger_46_IAR\EWARM\Candy_Bugger_46_IAR\Obj\stm32f4xx_hal_pwr_ex.o
#        E:\Workspaces\James\FIrmware_46_EWARM\Candy_Bugger_46_IAR\EWARM\Candy_Bugger_46_IAR\Obj\stm32f4xx_hal_rcc.o
#        E:\Workspaces\James\FIrmware_46_EWARM\Candy_Bugger_46_IAR\EWARM\Candy_Bugger_46_IAR\Obj\stm32f4xx_hal_rcc_ex.o
#        E:\Workspaces\James\FIrmware_46_EWARM\Candy_Bugger_46_IAR\EWARM\Candy_Bugger_46_IAR\Obj\stm32f4xx_hal_tim.o
#        E:\Workspaces\James\FIrmware_46_EWARM\Candy_Bugger_46_IAR\EWARM\Candy_Bugger_46_IAR\Obj\stm32f4xx_hal_tim_ex.o
#        E:\Workspaces\James\FIrmware_46_EWARM\Candy_Bugger_46_IAR\EWARM\Candy_Bugger_46_IAR\Obj\stm32f4xx_hal_timebase_TIM.o
#        E:\Workspaces\James\FIrmware_46_EWARM\Candy_Bugger_46_IAR\EWARM\Candy_Bugger_46_IAR\Obj\stm32f4xx_hal_uart.o
#        E:\Workspaces\James\FIrmware_46_EWARM\Candy_Bugger_46_IAR\EWARM\Candy_Bugger_46_IAR\Obj\stm32f4xx_hal_wwdg.o
#        E:\Workspaces\James\FIrmware_46_EWARM\Candy_Bugger_46_IAR\EWARM\Candy_Bugger_46_IAR\Obj\stm32f4xx_it.o
#        E:\Workspaces\James\FIrmware_46_EWARM\Candy_Bugger_46_IAR\EWARM\Candy_Bugger_46_IAR\Obj\system_stm32f4xx.o
#        E:\Workspaces\James\FIrmware_46_EWARM\Candy_Bugger_46_IAR\EWARM\Candy_Bugger_46_IAR\Obj\tasks.o
#        E:\Workspaces\James\FIrmware_46_EWARM\Candy_Bugger_46_IAR\EWARM\Candy_Bugger_46_IAR\Obj\timers.o
#        --redirect _Printf=_PrintfFull --redirect _Scanf=_ScanfFull -o
#        E:\Workspaces\James\FIrmware_46_EWARM\Candy_Bugger_46_IAR\EWARM\Candy_Bugger_46_IAR\Exe\Candy_Bugger_46_IAR.out
#        --map
#        E:\Workspaces\James\FIrmware_46_EWARM\Candy_Bugger_46_IAR\EWARM\Candy_Bugger_46_IAR\List\Candy_Bugger_46_IAR.map
#        --config
#        E:\Workspaces\James\FIrmware_46_EWARM\Candy_Bugger_46_IAR\EWARM/stm32f446xx_flash.icf
#        --semihosting --entry __iar_program_start --vfe --text_out locale)
#
###############################################################################

*******************************************************************************
*** RUNTIME MODEL ATTRIBUTES
***

CppFlavor       = *
__SystemLibrary = DLib
__dlib_version  = 6


*******************************************************************************
*** HEAP SELECTION
***

The basic heap was selected because no calls to memory allocation
functions were found in the application outside of system library
functions, and there are calls to deallocation functions in the
application.


*******************************************************************************
*** PLACEMENT SUMMARY
***

"A0":  place at 0x08000000 { ro section .intvec };
"P1":  place in [from 0x08000000 to 0x0807ffff] { ro };
"P2":  place in [from 0x20000000 to 0x2001ffff] { rw, block CSTACK, block HEAP };
initialize by copy { rw };

  Section            Kind        Address    Size  Object
  -------            ----        -------    ----  ------
"A0":                                      0x1c4
  .intvec            ro code  0x08000000   0x1c4  startup_stm32f446xx.o [1]
                            - 0x080001c4   0x1c4

"P1":                                     0x3d3a
  .text              ro code  0x080001c4   0x7a0  tasks.o [1]
  .text              ro code  0x08000964   0x1b0  heap_4.o [1]
  .text              ro code  0x08000b14    0x3a  ABImemset48.o [5]
  .text              ro code  0x08000b4e    0x8e  list.o [1]
  .text              ro code  0x08000bdc   0x1f0  port.o [1]
  .text              ro code  0x08000dcc   0x360  timers.o [1]
  .text              ro code  0x0800112c     0x2  freertos.o [1]
  CODE               ro code  0x08001130    0xa8  portasm.o [1]
  .text              ro code  0x080011d8   0x648  queue.o [1]
  .text              ro code  0x08001820    0xa6  ABImemcpy.o [5]
  .text              ro code  0x080018c8   0x66c  stm32f4xx_hal_can.o [1]
  .text              ro code  0x08001f34   0x1f4  stm32f4xx_hal_msp.o [1]
  .text              ro code  0x08002128     0xc  stm32f4xx_hal.o [1]
  .text              ro code  0x08002134   0x168  can.o [1]
  .text              ro code  0x0800229c    0xdc  stm32f4xx_hal_cortex.o [1]
  .text              ro code  0x08002378   0x384  stm32f4xx_hal_dma.o [1]
  .text              ro code  0x080026fc   0x3b0  main.o [1]
  .text              ro code  0x08002aac   0x1c0  stm32f4xx_hal_gpio.o [1]
  .text              ro code  0x08002c6c    0x34  stm32f4xx_hal.o [1]
  .text              ro code  0x08002ca0   0x50e  stm32f4xx_hal_uart.o [1]
  .text              ro code  0x080031ae    0x28  stm32f4xx_hal_wwdg.o [1]
  .text              ro code  0x080031d8    0x96  cmsis_os.o [1]
  .text              ro code  0x08003270   0x388  stm32f4xx_hal_rcc_ex.o [1]
  .text              ro code  0x080035f8   0x1b0  stm32f4xx_hal_rcc.o [1]
  .text              ro code  0x080037a8    0x10  stm32f4xx_hal.o [1]
  .text              ro code  0x080037b8    0x7c  stm32f4xx_hal_timebase_TIM.o [1]
  .text              ro code  0x08003834     0x2  stm32f4xx_hal_uart.o [1]
  .text              ro code  0x08003838    0x90  serial.o [1]
  .text              ro code  0x080038c8     0x2  stm32f4xx_hal_uart.o [1]
  .text              ro code  0x080038cc   0x25a  stm32f4xx_hal_tim.o [1]
  .text              ro code  0x08003b26     0x2  stm32f4xx_hal_tim.o [1]
  .text              ro code  0x08003b28     0x2  stm32f4xx_hal_tim.o [1]
  .text              ro code  0x08003b2a     0x2  stm32f4xx_hal_tim_ex.o [1]
  .text              ro code  0x08003b2c     0x2  stm32f4xx_hal_tim.o [1]
  .text              ro code  0x08003b2e     0x2  stm32f4xx_hal_tim_ex.o [1]
  .text              ro code  0x08003b30     0x2  stm32f4xx_hal_tim.o [1]
  .text              ro code  0x08003b34    0x60  system_stm32f4xx.o [1]
  .text              ro code  0x08003b94    0x40  stm32f4xx_it.o [1]
  .text              ro code  0x08003bd4    0x40  zero_init3.o [5]
  .text              ro code  0x08003c14    0x38  packbits_init_single.o [5]
  .rodata            const    0x08003c4c    0x28  main.o [1]
  .text              ro code  0x08003c74    0x28  data_init.o [5]
  .text              ro code  0x08003c9c    0x22  fpinit_M.o [4]
  .iar.init_table    const    0x08003cc0    0x20  - Linker created -
  .text              ro code  0x08003ce0    0x1a  cmain.o [5]
  .text              ro code  0x08003cfa     0x4  low_level_init.o [3]
  .text              ro code  0x08003cfe     0x4  exit.o [3]
  .text              ro code  0x08003d04     0xa  cexit.o [5]
  .text              ro code  0x08003d10    0x14  exit.o [6]
  .text              ro code  0x08003d24    0x10  startup_stm32f446xx.o [1]
  .text              ro code  0x08003d34     0xc  cstartup_M.o [5]
  .rodata            const    0x08003d40     0x8  system_stm32f4xx.o [1]
  .text              ro code  0x08003d48     0x4  startup_stm32f446xx.o [1]
  .text              ro code  0x08003d4c     0x4  startup_stm32f446xx.o [1]
  .text              ro code  0x08003d50     0x4  startup_stm32f446xx.o [1]
  .text              ro code  0x08003d54     0x4  startup_stm32f446xx.o [1]
  .text              ro code  0x08003d58     0x4  startup_stm32f446xx.o [1]
  .text              ro code  0x08003d5c     0x4  startup_stm32f446xx.o [1]
  .text              ro code  0x08003d60     0x4  startup_stm32f446xx.o [1]
  .text              ro code  0x08003d64     0x4  startup_stm32f446xx.o [1]
  .text              ro code  0x08003d68     0x4  startup_stm32f446xx.o [1]
  .text              ro code  0x08003d6c     0x4  startup_stm32f446xx.o [1]
  .text              ro code  0x08003d70     0x4  startup_stm32f446xx.o [1]
  .text              ro code  0x08003d74     0x4  startup_stm32f446xx.o [1]
  .text              ro code  0x08003d78     0x4  startup_stm32f446xx.o [1]
  .text              ro code  0x08003d7c     0x4  startup_stm32f446xx.o [1]
  .text              ro code  0x08003d80     0x4  startup_stm32f446xx.o [1]
  .text              ro code  0x08003d84     0x4  startup_stm32f446xx.o [1]
  .text              ro code  0x08003d88     0x4  startup_stm32f446xx.o [1]
  .text              ro code  0x08003d8c     0x4  startup_stm32f446xx.o [1]
  .text              ro code  0x08003d90     0x4  startup_stm32f446xx.o [1]
  .text              ro code  0x08003d94     0x4  startup_stm32f446xx.o [1]
  .text              ro code  0x08003d98     0x4  startup_stm32f446xx.o [1]
  .text              ro code  0x08003d9c     0x4  startup_stm32f446xx.o [1]
  .text              ro code  0x08003da0     0x4  startup_stm32f446xx.o [1]
  .text              ro code  0x08003da4     0x4  startup_stm32f446xx.o [1]
  .text              ro code  0x08003da8     0x4  startup_stm32f446xx.o [1]
  .text              ro code  0x08003dac     0x4  startup_stm32f446xx.o [1]
  .text              ro code  0x08003db0     0x4  startup_stm32f446xx.o [1]
  .text              ro code  0x08003db4     0x4  startup_stm32f446xx.o [1]
  .text              ro code  0x08003db8     0x4  startup_stm32f446xx.o [1]
  .text              ro code  0x08003dbc     0x4  startup_stm32f446xx.o [1]
  .text              ro code  0x08003dc0     0x4  startup_stm32f446xx.o [1]
  .text              ro code  0x08003dc4     0x4  startup_stm32f446xx.o [1]
  .text              ro code  0x08003dc8     0x4  startup_stm32f446xx.o [1]
  .text              ro code  0x08003dcc     0x4  startup_stm32f446xx.o [1]
  .text              ro code  0x08003dd0     0x4  startup_stm32f446xx.o [1]
  .text              ro code  0x08003dd4     0x4  startup_stm32f446xx.o [1]
  .text              ro code  0x08003dd8     0x4  startup_stm32f446xx.o [1]
  .text              ro code  0x08003ddc     0x4  startup_stm32f446xx.o [1]
  .text              ro code  0x08003de0     0x4  startup_stm32f446xx.o [1]
  .text              ro code  0x08003de4     0x4  startup_stm32f446xx.o [1]
  .text              ro code  0x08003de8     0x4  startup_stm32f446xx.o [1]
  .text              ro code  0x08003dec     0x4  startup_stm32f446xx.o [1]
  .text              ro code  0x08003df0     0x4  startup_stm32f446xx.o [1]
  .text              ro code  0x08003df4     0x4  startup_stm32f446xx.o [1]
  .text              ro code  0x08003df8     0x4  startup_stm32f446xx.o [1]
  .text              ro code  0x08003dfc     0x4  startup_stm32f446xx.o [1]
  .text              ro code  0x08003e00     0x4  startup_stm32f446xx.o [1]
  .text              ro code  0x08003e04     0x4  startup_stm32f446xx.o [1]
  .text              ro code  0x08003e08     0x4  startup_stm32f446xx.o [1]
  .text              ro code  0x08003e0c     0x4  startup_stm32f446xx.o [1]
  .text              ro code  0x08003e10     0x4  startup_stm32f446xx.o [1]
  .text              ro code  0x08003e14     0x4  startup_stm32f446xx.o [1]
  .text              ro code  0x08003e18     0x4  startup_stm32f446xx.o [1]
  .text              ro code  0x08003e1c     0x4  startup_stm32f446xx.o [1]
  .text              ro code  0x08003e20     0x4  startup_stm32f446xx.o [1]
  .text              ro code  0x08003e24     0x4  startup_stm32f446xx.o [1]
  .text              ro code  0x08003e28     0x4  startup_stm32f446xx.o [1]
  .text              ro code  0x08003e2c     0x4  startup_stm32f446xx.o [1]
  .text              ro code  0x08003e30     0x4  startup_stm32f446xx.o [1]
  .text              ro code  0x08003e34     0x4  startup_stm32f446xx.o [1]
  .text              ro code  0x08003e38     0x4  startup_stm32f446xx.o [1]
  .text              ro code  0x08003e3c     0x4  startup_stm32f446xx.o [1]
  .text              ro code  0x08003e40     0x4  startup_stm32f446xx.o [1]
  .text              ro code  0x08003e44     0x4  startup_stm32f446xx.o [1]
  .text              ro code  0x08003e48     0x4  startup_stm32f446xx.o [1]
  .text              ro code  0x08003e4c     0x4  startup_stm32f446xx.o [1]
  .text              ro code  0x08003e50     0x4  startup_stm32f446xx.o [1]
  .text              ro code  0x08003e54     0x4  startup_stm32f446xx.o [1]
  .text              ro code  0x08003e58     0x4  startup_stm32f446xx.o [1]
  .text              ro code  0x08003e5c     0x4  startup_stm32f446xx.o [1]
  .text              ro code  0x08003e60     0x4  startup_stm32f446xx.o [1]
  .text              ro code  0x08003e64     0x4  startup_stm32f446xx.o [1]
  .text              ro code  0x08003e68     0x4  startup_stm32f446xx.o [1]
  .text              ro code  0x08003e6c     0x4  startup_stm32f446xx.o [1]
  .text              ro code  0x08003e70     0x4  startup_stm32f446xx.o [1]
  .text              ro code  0x08003e74     0x4  startup_stm32f446xx.o [1]
  .text              ro code  0x08003e78     0x4  startup_stm32f446xx.o [1]
  .text              ro code  0x08003e7c     0x4  startup_stm32f446xx.o [1]
  .text              ro code  0x08003e80     0x4  startup_stm32f446xx.o [1]
  .text              ro code  0x08003e84     0x4  startup_stm32f446xx.o [1]
  .text              ro code  0x08003e88     0x4  startup_stm32f446xx.o [1]
  .text              ro code  0x08003e8c     0x4  startup_stm32f446xx.o [1]
  .text              ro code  0x08003e90     0x4  startup_stm32f446xx.o [1]
  .text              ro code  0x08003e94     0x4  startup_stm32f446xx.o [1]
  .rodata            const    0x08003e98     0x0  zero_init3.o [5]
  .rodata            const    0x08003e98     0x0  packbits_init_single.o [5]
  Initializer bytes  const    0x08003e98    0x66  <for P2-1>
                            - 0x08003efe  0x3d3a

"P2", part 1 of 3:                        0x1260
  P2-1                        0x20000000  0x1260  <Init block>
    .data            inited   0x20000000    0x3c  can.o [1]
    .data            inited   0x2000003c     0xc  port.o [1]
    .data            inited   0x20000048   0x208  serial.o [1]
    .data            inited   0x20000250  0x100c  serial.o [1]
    .data            inited   0x2000125c     0x4  system_stm32f4xx.o [1]
                            - 0x20001260  0x1260

"P2", part 2 of 3:                         0x400
  CSTACK                      0x20001260   0x400  <Block>
    CSTACK           uninit   0x20001260   0x400  <Block tail>
                            - 0x20001660   0x400

"P2", part 3 of 3:                        0x83c8
  .bss               zero     0x20001660  0x8018  heap_4.o [1]
  .bss               zero     0x20009678    0xb4  main.o [1]
  .bss               zero     0x2000972c    0x98  tasks.o [1]
  .bss               zero     0x200097c4    0x80  tasks.o [1]
  .bss               zero     0x20009844    0x60  main.o [1]
  .bss               zero     0x200098a4    0x60  main.o [1]
  .bss               zero     0x20009904    0x40  queue.o [1]
  .bss               zero     0x20009944    0x3c  stm32f4xx_hal_timebase_TIM.o [1]
  .bss               zero     0x20009980    0x3c  timers.o [1]
  .bss               zero     0x200099bc    0x24  can.o [1]
  .bss               zero     0x200099e0    0x1c  can.o [1]
  .bss               zero     0x200099fc    0x14  can.o [1]
  .bss               zero     0x20009a10    0x14  can.o [1]
  .bss               zero     0x20009a24     0x4  stm32f4xx_hal.o [1]
                            - 0x20009a28  0x83c8


*******************************************************************************
*** INIT TABLE
***

          Address     Size
          -------     ----
Zero (__iar_zero_init3)
    1 destination range, total size 0x83c8:
          0x20001660  0x83c8

Copy/packbits (__iar_packbits_init_single3)
    1 source range, total size 0x66 (2% of destination):
          0x08003e98    0x66
    1 destination range, total size 0x1260:
          0x20000000  0x1260



*******************************************************************************
*** MODULE SUMMARY
***

    Module                        ro code  ro data  rw data
    ------                        -------  -------  -------
E:\Workspaces\James\FIrmware_46_EWARM\Candy_Bugger_46_IAR\EWARM\Candy_Bugger_46_IAR\Obj: [1]
    can.o                             360        1      164
    cmsis_os.o                        150
    freertos.o                          2
    heap_4.o                          432            32 792
    list.o                            142
    main.o                            944       40      372
    port.o                            496                12
    portasm.o                         168
    queue.o                         1 608                64
    serial.o                          144      100    4 628
    startup_stm32f446xx.o             804
    stm32f4xx_hal.o                    80                 4
    stm32f4xx_hal_can.o             1 644
    stm32f4xx_hal_cortex.o            220
    stm32f4xx_hal_dma.o               900
    stm32f4xx_hal_gpio.o              448
    stm32f4xx_hal_msp.o               500
    stm32f4xx_hal_rcc.o               432
    stm32f4xx_hal_rcc_ex.o            904
    stm32f4xx_hal_tim.o               610
    stm32f4xx_hal_tim_ex.o              4
    stm32f4xx_hal_timebase_TIM.o      124                60
    stm32f4xx_hal_uart.o            1 298
    stm32f4xx_hal_wwdg.o               40
    stm32f4xx_it.o                     64
    system_stm32f4xx.o                 96        9        4
    tasks.o                         1 952               280
    timers.o                          864                60
    -------------------------------------------------------
    Total:                         15 430      150   38 440

command line: [2]
    -------------------------------------------------------
    Total:

dl7M_tlf.a: [3]
    exit.o                              4
    low_level_init.o                    4
    -------------------------------------------------------
    Total:                              8

m7M_tls.a: [4]
    fpinit_M.o                         34
    -------------------------------------------------------
    Total:                             34

rt7M_tl.a: [5]
    ABImemcpy.o                       166
    ABImemset48.o                      58
    cexit.o                            10
    cmain.o                            26
    cstartup_M.o                       12
    data_init.o                        40
    packbits_init_single.o             56
    zero_init3.o                       64
    -------------------------------------------------------
    Total:                            432

shb_l.a: [6]
    exit.o                             20
    -------------------------------------------------------
    Total:                             20

    Gaps                               18        2
    Linker created                              32    1 024
-----------------------------------------------------------
    Grand Total:                   15 942      184   39 464


*******************************************************************************
*** ENTRY LIST
***

Entry                      Address    Size  Type      Object
-----                      -------    ----  ----      ------
.iar.init_table$$Base   0x08003cc0           --   Gb  - Linker created -
.iar.init_table$$Limit  0x08003ce0           --   Gb  - Linker created -
?main                   0x08003ce1          Code  Gb  cmain.o [5]
AHBPrescTable           0x08003b84    0x10  Data  Gb  system_stm32f4xx.o [1]
APBPrescTable           0x08003d40     0x8  Data  Gb  system_stm32f4xx.o [1]
CAN1_RX0_IRQHandler     0x08003ba7     0x2  Code  Gb  stm32f4xx_it.o [1]
CAN1_RX1_IRQHandler     0x08003baf     0x2  Code  Gb  stm32f4xx_it.o [1]
CAN1_SCE_IRQHandler     0x08003bb1     0x2  Code  Gb  stm32f4xx_it.o [1]
CAN1_TX_IRQHandler      0x08003ba5     0x2  Code  Gb  stm32f4xx_it.o [1]
CAN_Receive_IT          0x08001e01   0x12a  Code  Lc  stm32f4xx_hal_can.o [1]
CSTACK$$Base            0x20001260           --   Gb  - Linker created -
CSTACK$$Limit           0x20001660           --   Gb  - Linker created -
Can_availableForTx      0x0800215d    0x1c  Code  Gb  can.o [1]
Can_filterCapacity      0x20000004    0x10  Data  Lc  can.o [1]
Can_filterUsage         0x20000014    0x10  Data  Lc  can.o [1]
DMA1_Stream5_IRQHandler
                        0x08003b99     0x6  Code  Gb  stm32f4xx_it.o [1]
DMA1_Stream6_IRQHandler
                        0x08003b9f     0x6  Code  Gb  stm32f4xx_it.o [1]
DMA_CalcBaseAndBitshift
                        0x080026cd    0x26  Code  Lc  stm32f4xx_hal_dma.o [1]
DMA_CalcBaseAndBitshift::flagBitshiftOffset
                        0x080026f4     0x8  Data  Lc  stm32f4xx_hal_dma.o [1]
DMA_SetConfig           0x080026ad    0x20  Code  Lc  stm32f4xx_hal_dma.o [1]
Error_Handler           0x08002a55     0x2  Code  Gb  main.o [1]
HAL_CAN_ErrorCallback   0x08002279    0x10  Code  Gb  can.o [1]
HAL_CAN_GetError        0x08001dfd     0x4  Code  Gb  stm32f4xx_hal_can.o [1]
HAL_CAN_IRQHandler      0x08001bf5   0x1ea  Code  Gb  stm32f4xx_hal_can.o [1]
HAL_CAN_Init            0x080018c9   0x146  Code  Gb  stm32f4xx_hal_can.o [1]
HAL_CAN_MspInit         0x08001f95    0x7e  Code  Gb  stm32f4xx_hal_msp.o [1]
HAL_CAN_Receive_IT      0x08001b37    0xb2  Code  Gb  stm32f4xx_hal_can.o [1]
HAL_CAN_RxCpltCallback  0x0800221f    0x5a  Code  Gb  can.o [1]
HAL_CAN_RxCpltCallback::received
                        0x20009a10    0x14  Data  Lc  can.o [1]
HAL_CAN_Transmit_IT     0x08001a0f    0xfe  Code  Gb  stm32f4xx_hal_can.o [1]
HAL_CAN_TxCpltCallback  0x0800220d    0x12  Code  Gb  can.o [1]
HAL_DMA_Abort_IT        0x080024c7    0x24  Code  Gb  stm32f4xx_hal_dma.o [1]
HAL_DMA_IRQHandler      0x080024eb   0x176  Code  Gb  stm32f4xx_hal_dma.o [1]
HAL_DMA_Init            0x08002379    0xe4  Code  Gb  stm32f4xx_hal_dma.o [1]
HAL_DMA_Start_IT        0x0800245d    0x6a  Code  Gb  stm32f4xx_hal_dma.o [1]
HAL_GPIO_Init           0x08002aad   0x190  Code  Gb  stm32f4xx_hal_gpio.o [1]
HAL_GPIO_WritePin       0x08002c3d     0x8  Code  Gb  stm32f4xx_hal_gpio.o [1]
HAL_GetTick             0x08002129     0xc  Code  Wk  stm32f4xx_hal.o [1]
HAL_IncTick             0x080037a9    0x10  Code  Wk  stm32f4xx_hal.o [1]
HAL_Init                0x08002c6d    0x30  Code  Gb  stm32f4xx_hal.o [1]
HAL_InitTick            0x080037b9    0x6c  Code  Gb  stm32f4xx_hal_timebase_TIM.o [1]
HAL_MspInit             0x08001f35    0x60  Code  Gb  stm32f4xx_hal_msp.o [1]
HAL_NVIC_EnableIRQ      0x0800230b     0xa  Code  Gb  stm32f4xx_hal_cortex.o [1]
HAL_NVIC_SetPriority    0x080022d1    0x3a  Code  Gb  stm32f4xx_hal_cortex.o [1]
HAL_NVIC_SetPriorityGrouping
                        0x080022b7    0x1a  Code  Gb  stm32f4xx_hal_cortex.o [1]
HAL_RCC_ClockConfig     0x080035f9   0x12a  Code  Gb  stm32f4xx_hal_rcc.o [1]
HAL_RCC_GetClockConfig  0x0800375b    0x36  Code  Gb  stm32f4xx_hal_rcc.o [1]
HAL_RCC_GetHCLKFreq     0x08003731     0x6  Code  Gb  stm32f4xx_hal_rcc.o [1]
HAL_RCC_GetPCLK1Freq    0x08003737    0x10  Code  Gb  stm32f4xx_hal_rcc.o [1]
HAL_RCC_GetPCLK2Freq    0x08003747     0xe  Code  Gb  stm32f4xx_hal_rcc.o [1]
HAL_RCC_GetSysClockFreq
                        0x08003271    0x84  Code  Gb  stm32f4xx_hal_rcc_ex.o [1]
HAL_RCC_OscConfig       0x080032f5   0x2cc  Code  Gb  stm32f4xx_hal_rcc_ex.o [1]
HAL_SYSTICK_CLKSourceConfig
                        0x08002347    0x1a  Code  Gb  stm32f4xx_hal_cortex.o [1]
HAL_SYSTICK_Config      0x0800231f    0x28  Code  Gb  stm32f4xx_hal_cortex.o [1]
HAL_TIMEx_BreakCallback
                        0x08003b2b     0x2  Code  Wk  stm32f4xx_hal_tim_ex.o [1]
HAL_TIMEx_CommutationCallback
                        0x08003b2f     0x2  Code  Wk  stm32f4xx_hal_tim_ex.o [1]
HAL_TIM_Base_Init       0x080038cd    0x1a  Code  Gb  stm32f4xx_hal_tim.o [1]
HAL_TIM_Base_Start_IT   0x080038e7    0x16  Code  Gb  stm32f4xx_hal_tim.o [1]
HAL_TIM_IRQHandler      0x08003921   0x142  Code  Gb  stm32f4xx_hal_tim.o [1]
HAL_TIM_PeriodElapsedCallback
                        0x08002a13     0xe  Code  Gb  main.o [1]
HAL_UART_IRQHandler     0x08002d97   0x152  Code  Gb  stm32f4xx_hal_uart.o [1]
HAL_UART_Init           0x08002ca1    0x20  Code  Gb  stm32f4xx_hal_uart.o [1]
HAL_UART_MspInit        0x08002013    0xbe  Code  Gb  stm32f4xx_hal_msp.o [1]
HAL_UART_RxCpltCallback
                        0x08003839     0xe  Code  Gb  serial.o [1]
HAL_UART_Transmit_DMA   0x08002d13    0x78  Code  Gb  stm32f4xx_hal_uart.o [1]
HAL_UART_TxCpltCallback
                        0x080038ad    0x10  Code  Gb  serial.o [1]
HAL_WWDG_Init           0x080031af    0x28  Code  Gb  stm32f4xx_hal_wwdg.o [1]
HAL_WWDG_MspInit        0x080020df    0x26  Code  Gb  stm32f4xx_hal_msp.o [1]
MX_GPIO_Init            0x08002905    0xe0  Code  Lc  main.o [1]
NVIC_SetPriority        0x0800229d    0x1a  Code  Lc  stm32f4xx_hal_cortex.o [1]
PendSV_Handler          0x08001131          Code  Gb  portasm.o [1]
Region$$Table$$Base     0x08003cc0           --   Gb  - Linker created -
Region$$Table$$Limit    0x08003ce0           --   Gb  - Linker created -
SVC_Handler             0x08001189          Code  Gb  portasm.o [1]
Serial2_Buffer_tx       0x2000025c  0x1000  Data  Lc  serial.o [1]
Serial2_Ovf             0x20000048     0x1  Data  Lc  serial.o [1]
Serial2_buffer          0x20000050   0x200  Data  Gb  serial.o [1]
Serial2_head_tx         0x20000258     0x4  Data  Lc  serial.o [1]
Serial2_ovf_tx          0x20000250     0x1  Data  Lc  serial.o [1]
Serial2_tail            0x2000004c     0x4  Data  Lc  serial.o [1]
Serial2_tail_tx         0x20000254     0x4  Data  Lc  serial.o [1]
SysTick_Handler         0x08003b95     0x4  Code  Gb  stm32f4xx_it.o [1]
SystemClock_Config      0x0800285b    0xaa  Code  Gb  main.o [1]
SystemCoreClock         0x2000125c     0x4  Data  Gb  system_stm32f4xx.o [1]
SystemInit              0x08003b35    0x3a  Code  Gb  system_stm32f4xx.o [1]
TIM6_DAC_IRQHandler     0x08003bb9     0x6  Code  Gb  stm32f4xx_it.o [1]
TIM_Base_SetConfig      0x08003a69    0x8e  Code  Gb  stm32f4xx_hal_tim.o [1]
TmrKickDog              0x08002a11     0x2  Code  Gb  main.o [1]
UART_DMAAbortOnError    0x08002f95     0xc  Code  Lc  stm32f4xx_hal_uart.o [1]
UART_DMAError           0x08002f1d    0x4a  Code  Lc  stm32f4xx_hal_uart.o [1]
UART_DMATransmitCplt    0x08002ee9    0x2a  Code  Lc  stm32f4xx_hal_uart.o [1]
UART_DMATxHalfCplt      0x08002f15     0x6  Code  Lc  stm32f4xx_hal_uart.o [1]
UART_EndRxTransfer      0x08002f79    0x1c  Code  Lc  stm32f4xx_hal_uart.o [1]
UART_EndTxTransfer      0x08002f67    0x12  Code  Lc  stm32f4xx_hal_uart.o [1]
UART_Receive_IT         0x08002fa1    0x8c  Code  Lc  stm32f4xx_hal_uart.o [1]
UART_SetConfig          0x0800302d   0x13a  Code  Lc  stm32f4xx_hal_uart.o [1]
USART2_IRQHandler       0x08003bb3     0x6  Code  Gb  stm32f4xx_it.o [1]
UartTxMtxHandle         0x20009728     0x4  Data  Gb  main.o [1]
WWDGTmrHandle           0x20009724     0x4  Data  Gb  main.o [1]
__aeabi_memcpy          0x08001821          Code  Gb  ABImemcpy.o [5]
__aeabi_memcpy4         0x08001841          Code  Gb  ABImemcpy.o [5]
__aeabi_memcpy8         0x08001841          Code  Gb  ABImemcpy.o [5]
__aeabi_memset4         0x08000b15          Code  Gb  ABImemset48.o [5]
__aeabi_memset8         0x08000b15          Code  Gb  ABImemset48.o [5]
__cmain                 0x08003ce1          Code  Gb  cmain.o [5]
__exit                  0x08003d11    0x14  Code  Gb  exit.o [6]
__iar_Memset4_word      0x08000b1d          Code  Gb  ABImemset48.o [5]
__iar_Memset8_word      0x08000b1d          Code  Gb  ABImemset48.o [5]
__iar_data_init3        0x08003c75    0x28  Code  Gb  data_init.o [5]
__iar_init_vfp          0x08003c9d          Code  Gb  fpinit_M.o [4]
__iar_packbits_init_single3
                        0x08003c15    0x38  Code  Gb  packbits_init_single.o [5]
__iar_program_start     0x08003d35          Code  Gb  cstartup_M.o [5]
__iar_systems$$module {Abs}
                        0x00000001          Data  Gb  command line/config [2]
__iar_zero_init3        0x08003bd5    0x40  Code  Gb  zero_init3.o [5]
__low_level_init        0x08003cfb     0x4  Code  Gb  low_level_init.o [3]
__vector_table          0x08000000          Data  Gb  startup_stm32f446xx.o [1]
_call_main              0x08003ced          Code  Gb  cmain.o [5]
_exit                   0x08003d05          Code  Gb  cexit.o [5]
_main                   0x08003cf7          Code  Gb  cmain.o [5]
bxCanDoTx               0x08002179    0x94  Code  Gb  can.o [1]
bxCanDoTx{1}{2}::toSend
                        0x200099fc    0x14  Data  Lc  can.o [1]
bxCan_Ercb              0x20000038     0x4  Data  Lc  can.o [1]
bxCan_Rxcb              0x20000034     0x4  Data  Lc  can.o [1]
bxCan_Txcb              0x20000030     0x4  Data  Lc  can.o [1]
bxCan_getFilterNum      0x08002135    0x28  Code  Gb  can.o [1]
currentWrite            0x20000252     0x2  Data  Lc  serial.o [1]
doHousekeeping          0x08002a07     0xa  Code  Gb  main.o [1]
doProcessCan            0x080029f3     0xa  Code  Gb  main.o [1]
doProcessUart           0x080029fd     0xa  Code  Gb  main.o [1]
doTx                    0x08003847    0x66  Code  Lc  serial.o [1]
exit                    0x08003cff     0x4  Code  Gb  exit.o [3]
hcan1                   0x20009678    0x44  Data  Gb  main.o [1]
hcan_handle             0x20000024     0x4  Data  Lc  can.o [1]
hdma_usart2_rx          0x20009844    0x60  Data  Gb  main.o [1]
hdma_usart2_tx          0x200098a4    0x60  Data  Gb  main.o [1]
housekeepingHandle      0x20009718     0x4  Data  Gb  main.o [1]
htim6                   0x20009944    0x3c  Data  Gb  stm32f4xx_hal_timebase_TIM.o [1]
huart2                  0x200096bc    0x40  Data  Gb  main.o [1]
hwwdg                   0x200096fc    0x14  Data  Gb  main.o [1]
main                    0x080026fd   0x15e  Code  Gb  main.o [1]
mainCanRxQHandle        0x20009720     0x4  Data  Gb  main.o [1]
mainCanTxQHandle        0x2000971c     0x4  Data  Gb  main.o [1]
makeFreeRtosPriority    0x080031d9     0xc  Code  Lc  cmsis_os.o [1]
not_in_use              0x20000000     0x1  Data  Lc  can.o [1]
osDelay                 0x0800321d     0xe  Code  Gb  cmsis_os.o [1]
osKernelStart           0x080031e5     0xa  Code  Gb  cmsis_os.o [1]
osMessageCreate         0x08003251     0xa  Code  Gb  cmsis_os.o [1]
osMutexCreate           0x08003245     0x6  Code  Gb  cmsis_os.o [1]
osSystickHandler        0x0800325b    0x14  Code  Gb  cmsis_os.o [1]
osThreadCreate          0x080031ef    0x2e  Code  Gb  cmsis_os.o [1]
osTimerCreate           0x0800322b    0x1a  Code  Gb  cmsis_os.o [1]
processCanHandle        0x20009710     0x4  Data  Gb  main.o [1]
processUartHandle       0x20009714     0x4  Data  Gb  main.o [1]
prvAddCurrentTaskToDelayedList
                        0x080008e1    0x6c  Code  Lc  tasks.o [1]
prvAddNewTaskToReadyList
                        0x0800029d    0xb2  Code  Lc  tasks.o [1]
prvCheckForValidListAndQueue
                        0x080010cf    0x46  Code  Lc  timers.o [1]
prvCopyDataFromQueue    0x08001713    0x26  Code  Lc  queue.o [1]
prvCopyDataToQueue      0x080016ab    0x68  Code  Lc  queue.o [1]
prvDeleteTCB            0x08000795    0x14  Code  Lc  tasks.o [1]
prvIdleTask             0x0800072d    0x58  Code  Lc  tasks.o [1]
prvInitialiseNewQueue   0x08001285    0x16  Code  Lc  queue.o [1]
prvInitialiseNewTask    0x0800021d    0x80  Code  Lc  tasks.o [1]
prvInitialiseNewTimer   0x08000e2f    0x38  Code  Lc  timers.o [1]
prvInsertBlockIntoFreeList
                        0x08000ac9    0x46  Code  Lc  heap_4.o [1]
prvInsertTimerInActiveList
                        0x08000ff3    0x34  Code  Lc  timers.o [1]
prvIsQueueEmpty         0x08001799    0x16  Code  Lc  queue.o [1]
prvProcessReceivedCommands
                        0x08001029    0xa6  Code  Lc  timers.o [1]
prvProcessTimerOrBlockTask
                        0x08000ecf    0x9a  Code  Lc  timers.o [1]
prvResetNextTaskUnblockTime
                        0x080007a9    0x1c  Code  Lc  tasks.o [1]
prvSampleTimeNow        0x08000f69    0x7a  Code  Lc  timers.o [1]
prvSampleTimeNow::xLastTime
                        0x20009990     0x4  Data  Lc  timers.o [1]
prvTaskExitError        0x08000c05    0x28  Code  Lc  port.o [1]
prvTimerTask            0x08000eb1    0x1e  Code  Lc  timers.o [1]
prvUnlockQueue          0x08001739    0x60  Code  Lc  queue.o [1]
pvPortMalloc            0x08000965   0x104  Code  Gb  heap_4.o [1]
pvTaskIncrementMutexHeldCount
                        0x080008cf    0x12  Code  Gb  tasks.o [1]
pxCurrentTCB            0x2000983c     0x4  Data  Gb  tasks.o [1]
pxCurrentTimerList      0x20009980     0x4  Data  Lc  timers.o [1]
pxDelayedTaskList       0x20009754     0x4  Data  Lc  tasks.o [1]
pxEnd                   0x20001668     0x4  Data  Lc  heap_4.o [1]
pxOverflowDelayedTaskList
                        0x20009758     0x4  Data  Lc  tasks.o [1]
pxOverflowTimerList     0x20009984     0x4  Data  Lc  timers.o [1]
pxPortInitialiseStack   0x08000bdd    0x26  Code  Gb  port.o [1]
pxReadyTasksLists       0x200097c4    0x78  Data  Lc  tasks.o [1]
rxFrameBuf              0x200099bc    0x24  Data  Lc  can.o [1]
rxQ                     0x20000028     0x4  Data  Lc  can.o [1]
txFrameBuf              0x200099e0    0x1c  Data  Lc  can.o [1]
txQ                     0x2000002c     0x4  Data  Lc  can.o [1]
txWillTrigger           0x20000251     0x1  Data  Lc  serial.o [1]
ucHeap                  0x20001678  0x8000  Data  Lc  heap_4.o [1]
ucMaxSysCallPriority    0x2000003c     0x1  Data  Lc  port.o [1]
ulMaxPRIGROUPValue      0x20000044     0x4  Data  Lc  port.o [1]
uwTick                  0x20009a24     0x4  Data  Gb  stm32f4xx_hal.o [1]
uxCriticalNesting       0x20000040     0x4  Data  Lc  port.o [1]
uxCurrentNumberOfTasks  0x20009774     0x4  Data  Lc  tasks.o [1]
uxDeletedTasksWaitingCleanUp
                        0x2000975c     0x4  Data  Lc  tasks.o [1]
uxListRemove            0x08000bb9    0x24  Code  Gb  list.o [1]
uxPendedTicks           0x20009780     0x4  Data  Lc  tasks.o [1]
uxQueueMessagesWaiting  0x0800166b    0x12  Code  Gb  queue.o [1]
uxQueueMessagesWaitingFromISR
                        0x08001695    0x16  Code  Gb  queue.o [1]
uxSchedulerSuspended    0x20009794     0x4  Data  Lc  tasks.o [1]
uxTaskNumber            0x2000978c     0x4  Data  Lc  tasks.o [1]
uxTopReadyPriority      0x20009840     0x4  Data  Lc  tasks.o [1]
vApplicationStackOverflowHook
                        0x0800112d     0x2  Code  Wk  freertos.o [1]
vListInitialise         0x08000b4f    0x1a  Code  Gb  list.o [1]
vListInitialiseItem     0x08000b69     0x6  Code  Gb  list.o [1]
vListInsert             0x08000b87    0x32  Code  Gb  list.o [1]
vListInsertEnd          0x08000b6f    0x18  Code  Gb  list.o [1]
vPortEnableVFP          0x080011bd          Code  Gb  portasm.o [1]
vPortEnterCritical      0x08000cc9    0x32  Code  Gb  port.o [1]
vPortExitCritical       0x08000cfb    0x22  Code  Gb  port.o [1]
vPortFree               0x08000a77    0x44  Code  Gb  heap_4.o [1]
vPortStartFirstTask     0x080011a5          Code  Gb  portasm.o [1]
vPortValidateInterruptPriority
                        0x08000d45    0x42  Code  Gb  port.o [1]
vQueueAddToRegistry     0x080017af    0x20  Code  Gb  queue.o [1]
vQueueWaitForMessageRestricted
                        0x080017d9    0x48  Code  Gb  queue.o [1]
vTaskDelay              0x0800034f    0x2a  Code  Gb  tasks.o [1]
vTaskMissedYield        0x08000723     0x8  Code  Gb  tasks.o [1]
vTaskPlaceOnEventList   0x080005f7    0x14  Code  Gb  tasks.o [1]
vTaskPlaceOnEventListRestricted
                        0x0800060f    0x1e  Code  Gb  tasks.o [1]
vTaskPriorityInherit    0x080007db    0x74  Code  Gb  tasks.o [1]
vTaskSetTimeOutState    0x080006af    0x1e  Code  Gb  tasks.o [1]
vTaskStartScheduler     0x08000393    0x60  Code  Gb  tasks.o [1]
vTaskSuspendAll         0x080003f3     0xc  Code  Gb  tasks.o [1]
vTaskSwitchContext      0x0800056d    0x76  Code  Gb  tasks.o [1]
xActiveTimerList1       0x20009994    0x14  Data  Lc  timers.o [1]
xActiveTimerList2       0x200099a8    0x14  Data  Lc  timers.o [1]
xBlockAllocatedBit      0x20001674     0x4  Data  Lc  heap_4.o [1]
xDelayedTaskList1       0x20009798    0x14  Data  Lc  tasks.o [1]
xDelayedTaskList2       0x200097ac    0x14  Data  Lc  tasks.o [1]
xFreeBytesRemaining     0x2000166c     0x4  Data  Lc  heap_4.o [1]
xIdleTaskHandle         0x200097c0     0x4  Data  Lc  tasks.o [1]
xMinimumEverFreeBytesRemaining
                        0x20001670     0x4  Data  Lc  heap_4.o [1]
xNextTaskUnblockTime    0x20009790     0x4  Data  Lc  tasks.o [1]
xNumOfOverflows         0x20009788     0x4  Data  Lc  tasks.o [1]
xPendingReadyList       0x2000972c    0x14  Data  Lc  tasks.o [1]
xPortStartScheduler     0x08000c2d    0x8a  Code  Gb  port.o [1]
xPortSysTickHandler     0x08000d1d    0x26  Code  Gb  port.o [1]
xQueueCreateMutex       0x0800129b    0x24  Code  Gb  queue.o [1]
xQueueGenericCreate     0x0800124d    0x38  Code  Gb  queue.o [1]
xQueueGenericReceive    0x080014a5   0x136  Code  Gb  queue.o [1]
xQueueGenericReset      0x080011d9    0x74  Code  Gb  queue.o [1]
xQueueGenericSend       0x080012bf   0x12a  Code  Gb  queue.o [1]
xQueueGenericSendFromISR
                        0x080013e9    0x92  Code  Gb  queue.o [1]
xQueueReceiveFromISR    0x080015e5    0x7e  Code  Gb  queue.o [1]
xQueueRegistry          0x20009904    0x40  Data  Gb  queue.o [1]
xSchedulerRunning       0x2000977c     0x4  Data  Lc  tasks.o [1]
xStart                  0x20001660     0x8  Data  Lc  heap_4.o [1]
xSuspendedTaskList      0x20009760    0x14  Data  Lc  tasks.o [1]
xTaskCheckForTimeOut    0x080006cd    0x56  Code  Gb  tasks.o [1]
xTaskCreate             0x080001c5    0x58  Code  Gb  tasks.o [1]
xTaskGetSchedulerState  0x080007c5    0x16  Code  Gb  tasks.o [1]
xTaskGetTickCount       0x080004a1     0x8  Code  Gb  tasks.o [1]
xTaskIncrementTick      0x080004a9    0xc4  Code  Gb  tasks.o [1]
xTaskPriorityDisinherit
                        0x0800084f    0x80  Code  Gb  tasks.o [1]
xTaskRemoveFromEventList
                        0x0800064b    0x46  Code  Gb  tasks.o [1]
xTaskResumeAll          0x080003ff    0x9a  Code  Gb  tasks.o [1]
xTasksWaitingTermination
                        0x20009740    0x14  Data  Lc  tasks.o [1]
xTickCount              0x20009778     0x4  Data  Lc  tasks.o [1]
xTimerCreate            0x08000e01    0x2e  Code  Gb  timers.o [1]
xTimerCreateTimerTask   0x08000dcd    0x34  Code  Gb  timers.o [1]
xTimerGenericCommand    0x08000e67    0x48  Code  Gb  timers.o [1]
xTimerQueue             0x20009988     0x4  Data  Lc  timers.o [1]
xTimerTaskHandle        0x2000998c     0x4  Data  Lc  timers.o [1]
xYieldPending           0x20009784     0x4  Data  Lc  tasks.o [1]


[1] = E:\Workspaces\James\FIrmware_46_EWARM\Candy_Bugger_46_IAR\EWARM\Candy_Bugger_46_IAR\Obj
[2] = command line
[3] = dl7M_tlf.a
[4] = m7M_tls.a
[5] = rt7M_tl.a
[6] = shb_l.a

  15 942 bytes of readonly  code memory
     184 bytes of readonly  data memory
  39 464 bytes of readwrite data memory

Errors: none
Warnings: none
